Archive member included to satisfy reference by file (symbol)

C:/ST/STM32CubeIDE_1.14.1/STM32CubeIDE/plugins/com.st.stm32cube.ide.mcu.externaltools.gnu-tools-for-stm32.11.3.rel1.win32_1.1.100.202309141235/tools/bin/../lib/gcc/arm-none-eabi/11.3.1/../../../../arm-none-eabi/lib/thumb/v7e-m+fp/hard\libc_nano.a(libc_a-exit.o)
                              C:/ST/STM32CubeIDE_1.14.1/STM32CubeIDE/plugins/com.st.stm32cube.ide.mcu.externaltools.gnu-tools-for-stm32.11.3.rel1.win32_1.1.100.202309141235/tools/bin/../lib/gcc/arm-none-eabi/11.3.1/../../../../arm-none-eabi/lib/thumb/v7e-m+fp/hard/crt0.o (exit)
C:/ST/STM32CubeIDE_1.14.1/STM32CubeIDE/plugins/com.st.stm32cube.ide.mcu.externaltools.gnu-tools-for-stm32.11.3.rel1.win32_1.1.100.202309141235/tools/bin/../lib/gcc/arm-none-eabi/11.3.1/../../../../arm-none-eabi/lib/thumb/v7e-m+fp/hard\libc_nano.a(libc_a-findfp.o)
                              C:/ST/STM32CubeIDE_1.14.1/STM32CubeIDE/plugins/com.st.stm32cube.ide.mcu.externaltools.gnu-tools-for-stm32.11.3.rel1.win32_1.1.100.202309141235/tools/bin/../lib/gcc/arm-none-eabi/11.3.1/../../../../arm-none-eabi/lib/thumb/v7e-m+fp/hard\libc_nano.a(libc_a-exit.o) (__stdio_exit_handler)
C:/ST/STM32CubeIDE_1.14.1/STM32CubeIDE/plugins/com.st.stm32cube.ide.mcu.externaltools.gnu-tools-for-stm32.11.3.rel1.win32_1.1.100.202309141235/tools/bin/../lib/gcc/arm-none-eabi/11.3.1/../../../../arm-none-eabi/lib/thumb/v7e-m+fp/hard\libc_nano.a(libc_a-fwalk.o)
                              C:/ST/STM32CubeIDE_1.14.1/STM32CubeIDE/plugins/com.st.stm32cube.ide.mcu.externaltools.gnu-tools-for-stm32.11.3.rel1.win32_1.1.100.202309141235/tools/bin/../lib/gcc/arm-none-eabi/11.3.1/../../../../arm-none-eabi/lib/thumb/v7e-m+fp/hard\libc_nano.a(libc_a-findfp.o) (_fwalk_sglue)
C:/ST/STM32CubeIDE_1.14.1/STM32CubeIDE/plugins/com.st.stm32cube.ide.mcu.externaltools.gnu-tools-for-stm32.11.3.rel1.win32_1.1.100.202309141235/tools/bin/../lib/gcc/arm-none-eabi/11.3.1/../../../../arm-none-eabi/lib/thumb/v7e-m+fp/hard\libc_nano.a(libc_a-stdio.o)
                              C:/ST/STM32CubeIDE_1.14.1/STM32CubeIDE/plugins/com.st.stm32cube.ide.mcu.externaltools.gnu-tools-for-stm32.11.3.rel1.win32_1.1.100.202309141235/tools/bin/../lib/gcc/arm-none-eabi/11.3.1/../../../../arm-none-eabi/lib/thumb/v7e-m+fp/hard\libc_nano.a(libc_a-findfp.o) (__sread)
C:/ST/STM32CubeIDE_1.14.1/STM32CubeIDE/plugins/com.st.stm32cube.ide.mcu.externaltools.gnu-tools-for-stm32.11.3.rel1.win32_1.1.100.202309141235/tools/bin/../lib/gcc/arm-none-eabi/11.3.1/../../../../arm-none-eabi/lib/thumb/v7e-m+fp/hard\libc_nano.a(libc_a-memset.o)
                              C:/ST/STM32CubeIDE_1.14.1/STM32CubeIDE/plugins/com.st.stm32cube.ide.mcu.externaltools.gnu-tools-for-stm32.11.3.rel1.win32_1.1.100.202309141235/tools/bin/../lib/gcc/arm-none-eabi/11.3.1/../../../../arm-none-eabi/lib/thumb/v7e-m+fp/hard/crt0.o (memset)
C:/ST/STM32CubeIDE_1.14.1/STM32CubeIDE/plugins/com.st.stm32cube.ide.mcu.externaltools.gnu-tools-for-stm32.11.3.rel1.win32_1.1.100.202309141235/tools/bin/../lib/gcc/arm-none-eabi/11.3.1/../../../../arm-none-eabi/lib/thumb/v7e-m+fp/hard\libc_nano.a(libc_a-closer.o)
                              C:/ST/STM32CubeIDE_1.14.1/STM32CubeIDE/plugins/com.st.stm32cube.ide.mcu.externaltools.gnu-tools-for-stm32.11.3.rel1.win32_1.1.100.202309141235/tools/bin/../lib/gcc/arm-none-eabi/11.3.1/../../../../arm-none-eabi/lib/thumb/v7e-m+fp/hard\libc_nano.a(libc_a-stdio.o) (_close_r)
C:/ST/STM32CubeIDE_1.14.1/STM32CubeIDE/plugins/com.st.stm32cube.ide.mcu.externaltools.gnu-tools-for-stm32.11.3.rel1.win32_1.1.100.202309141235/tools/bin/../lib/gcc/arm-none-eabi/11.3.1/../../../../arm-none-eabi/lib/thumb/v7e-m+fp/hard\libc_nano.a(libc_a-reent.o)
                              C:/ST/STM32CubeIDE_1.14.1/STM32CubeIDE/plugins/com.st.stm32cube.ide.mcu.externaltools.gnu-tools-for-stm32.11.3.rel1.win32_1.1.100.202309141235/tools/bin/../lib/gcc/arm-none-eabi/11.3.1/../../../../arm-none-eabi/lib/thumb/v7e-m+fp/hard\libc_nano.a(libc_a-closer.o) (errno)
C:/ST/STM32CubeIDE_1.14.1/STM32CubeIDE/plugins/com.st.stm32cube.ide.mcu.externaltools.gnu-tools-for-stm32.11.3.rel1.win32_1.1.100.202309141235/tools/bin/../lib/gcc/arm-none-eabi/11.3.1/../../../../arm-none-eabi/lib/thumb/v7e-m+fp/hard\libc_nano.a(libc_a-impure.o)
                              C:/ST/STM32CubeIDE_1.14.1/STM32CubeIDE/plugins/com.st.stm32cube.ide.mcu.externaltools.gnu-tools-for-stm32.11.3.rel1.win32_1.1.100.202309141235/tools/bin/../lib/gcc/arm-none-eabi/11.3.1/../../../../arm-none-eabi/lib/thumb/v7e-m+fp/hard\libc_nano.a(libc_a-reent.o) (_impure_ptr)
C:/ST/STM32CubeIDE_1.14.1/STM32CubeIDE/plugins/com.st.stm32cube.ide.mcu.externaltools.gnu-tools-for-stm32.11.3.rel1.win32_1.1.100.202309141235/tools/bin/../lib/gcc/arm-none-eabi/11.3.1/../../../../arm-none-eabi/lib/thumb/v7e-m+fp/hard\libc_nano.a(libc_a-lseekr.o)
[...]
Memory Configuration

Name             Origin             Length             Attributes
RAM              0x0000000020000000 0x0000000000010000 xrw
RAM2             0x0000000010000000 0x0000000000004000 xrw
FLASH            0x0000000008000000 0x0000000000040000 xr
*default*        0x0000000000000000 0xffffffffffffffff

Linker script and memory map

LOAD C:/ST/STM32CubeIDE_1.14.1/STM32CubeIDE/plugins/com.st.stm32cube.ide.mcu.externaltools.gnu-tools-for-stm32.11.3.rel1.win32_1.1.100.202309141235/tools/bin/../lib/gcc/arm-none-eabi/11.3.1/thumb/v7e-m+fp/hard/crti.o
LOAD C:/ST/STM32CubeIDE_1.14.1/STM32CubeIDE/plugins/com.st.stm32cube.ide.mcu.externaltools.gnu-tools-for-stm32.11.3.rel1.win32_1.1.100.202309141235/tools/bin/../lib/gcc/arm-none-eabi/11.3.1/thumb/v7e-m+fp/hard/crtbegin.o
LOAD C:/ST/STM32CubeIDE_1.14.1/STM32CubeIDE/plugins/com.st.stm32cube.ide.mcu.externaltools.gnu-tools-for-stm32.11.3.rel1.win32_1.1.100.202309141235/tools/bin/../lib/gcc/arm-none-eabi/11.3.1/../../../../arm-none-eabi/lib/thumb/v7e-m+fp/hard/crt0.o
LOAD ./Core/Src/main.o
LOAD ./Core/Src/stm32l4xx_hal_msp.o
LOAD ./Core/Src/stm32l4xx_it.o
LOAD ./Core/Src/syscalls.o
LOAD ./Core/Src/sysmem.o
LOAD ./Core/Src/system_stm32l4xx.o
LOAD ./Core/Startup/startup_stm32l432kcux.o
LOAD ./Drivers/STM32L4xx_HAL_Driver/Src/stm32l4xx_hal.o
LOAD ./Drivers/STM32L4xx_HAL_Driver/Src/stm32l4xx_hal_adc.o
LOAD ./Drivers/STM32L4xx_HAL_Driver/Src/stm32l4xx_hal_adc_ex.o
LOAD ./Drivers/STM32L4xx_HAL_Driver/Src/stm32l4xx_hal_cortex.o
LOAD ./Drivers/STM32L4xx_HAL_Driver/Src/stm32l4xx_hal_dma.o
LOAD ./Drivers/STM32L4xx_HAL_Driver/Src/stm32l4xx_hal_dma_ex.o
LOAD ./Drivers/STM32L4xx_HAL_Driver/Src/stm32l4xx_hal_exti.o
LOAD ./Drivers/STM32L4xx_HAL_Driver/Src/stm32l4xx_hal_flash.o
LOAD ./Drivers/STM32L4xx_HAL_Driver/Src/stm32l4xx_hal_flash_ex.o
LOAD ./Drivers/STM32L4xx_HAL_Driver/Src/stm32l4xx_hal_flash_ramfunc.o
LOAD ./Drivers/STM32L4xx_HAL_Driver/Src/stm32l4xx_hal_gpio.o
LOAD ./Drivers/STM32L4xx_HAL_Driver/Src/stm32l4xx_hal_i2c.o
LOAD ./Drivers/STM32L4xx_HAL_Driver/Src/stm32l4xx_hal_i2c_ex.o
LOAD ./Drivers/STM32L4xx_HAL_Driver/Src/stm32l4xx_hal_pcd.o
LOAD ./Drivers/STM32L4xx_HAL_Driver/Src/stm32l4xx_hal_pcd_ex.o
LOAD ./Drivers/STM32L4xx_HAL_Driver/Src/stm32l4xx_hal_pwr.o
LOAD ./Drivers/STM32L4xx_HAL_Driver/Src/stm32l4xx_hal_pwr_ex.o
LOAD ./Drivers/STM32L4xx_HAL_Driver/Src/stm32l4xx_hal_rcc.o
LOAD ./Drivers/STM32L4xx_HAL_Driver/Src/stm32l4xx_hal_rcc_ex.o
LOAD ./Drivers/STM32L4xx_HAL_Driver/Src/stm32l4xx_hal_tim.o
LOAD ./Drivers/STM32L4xx_HAL_Driver/Src/stm32l4xx_hal_tim_ex.o
LOAD ./Drivers/STM32L4xx_HAL_Driver/Src/stm32l4xx_ll_usb.o
LOAD ./Middlewares/ST/STM32_USB_Device_Library/Class/CDC/Src/usbd_cdc.o
LOAD ./Middlewares/ST/STM32_USB_Device_Library/Core/Src/usbd_core.o
LOAD ./Middlewares/ST/STM32_USB_Device_Library/Core/Src/usbd_ctlreq.o
LOAD ./Middlewares/ST/STM32_USB_Device_Library/Core/Src/usbd_ioreq.o
LOAD ./USB_DEVICE/App/usb_device.o
LOAD ./USB_DEVICE/App/usbd_cdc_if.o
LOAD ./USB_DEVICE/App/usbd_desc.o
LOAD ./USB_DEVICE/Target/usbd_conf.o
START GROUP
LOAD C:/ST/STM32CubeIDE_1.14.1/STM32CubeIDE/plugins/com.st.stm32cube.ide.mcu.externaltools.gnu-tools-for-stm32.11.3.rel1.win32_1.1.100.202309141235/tools/bin/../lib/gcc/arm-none-eabi/11.3.1/../../../../arm-none-eabi/lib/thumb/v7e-m+fp/hard\libc_nano.a
LOAD C:/ST/STM32CubeIDE_1.14.1/STM32CubeIDE/plugins/com.st.stm32cube.ide.mcu.externaltools.gnu-tools-for-stm32.11.3.rel1.win32_1.1.100.202309141235/tools/bin/../lib/gcc/arm-none-eabi/11.3.1/../../../../arm-none-eabi/lib/thumb/v7e-m+fp/hard\libm.a
END GROUP
START GROUP
LOAD C:/ST/STM32CubeIDE_1.14.1/STM32CubeIDE/plugins/com.st.stm32cube.ide.mcu.externaltools.gnu-tools-for-stm32.11.3.rel1.win32_1.1.100.202309141235/tools/bin/../lib/gcc/arm-none-eabi/11.3.1/thumb/v7e-m+fp/hard\libgcc.a
LOAD C:/ST/STM32CubeIDE_1.14.1/STM32CubeIDE/plugins/com.st.stm32cube.ide.mcu.externaltools.gnu-tools-for-stm32.11.3.rel1.win32_1.1.100.202309141235/tools/bin/../lib/gcc/arm-none-eabi/11.3.1/../../../../arm-none-eabi/lib/thumb/v7e-m+fp/hard\libc_nano.a
END GROUP
START GROUP
LOAD C:/ST/STM32CubeIDE_1.14.1/STM32CubeIDE/plugins/com.st.stm32cube.ide.mcu.externaltools.gnu-tools-for-stm32.11.3.rel1.win32_1.1.100.202309141235/tools/bin/../lib/gcc/arm-none-eabi/11.3.1/thumb/v7e-m+fp/hard\libgcc.a
LOAD C:/ST/STM32CubeIDE_1.14.1/STM32CubeIDE/plugins/com.st.stm32cube.ide.mcu.externaltools.gnu-tools-for-stm32.11.3.rel1.win32_1.1.100.202309141235/tools/bin/../lib/gcc/arm-none-eabi/11.3.1/../../../../arm-none-eabi/lib/thumb/v7e-m+fp/hard\libc_nano.a
LOAD C:/ST/STM32CubeIDE_1.14.1/STM32CubeIDE/plugins/com.st.stm32cube.ide.mcu.externaltools.gnu-tools-for-stm32.11.3.rel1.win32_1.1.100.202309141235/tools/bin/../lib/gcc/arm-none-eabi/11.3.1/../../../../arm-none-eabi/lib/thumb/v7e-m+fp/hard\libnosys.a
END GROUP
START GROUP
LOAD C:/ST/STM32CubeIDE_1.14.1/STM32CubeIDE/plugins/com.st.stm32cube.ide.mcu.externaltools.gnu-tools-for-stm32.11.3.rel1.win32_1.1.100.202309141235/tools/bin/../lib/gcc/arm-none-eabi/11.3.1/thumb/v7e-m+fp/hard\libgcc.a
LOAD C:/ST/STM32CubeIDE_1.14.1/STM32CubeIDE/plugins/com.st.stm32cube.ide.mcu.externaltools.gnu-tools-for-stm32.11.3.rel1.win32_1.1.100.202309141235/tools/bin/../lib/gcc/arm-none-eabi/11.3.1/../../../../arm-none-eabi/lib/thumb/v7e-m+fp/hard\libc_nano.a
LOAD C:/ST/STM32CubeIDE_1.14.1/STM32CubeIDE/plugins/com.st.stm32cube.ide.mcu.externaltools.gnu-tools-for-stm32.11.3.rel1.win32_1.1.100.202309141235/tools/bin/../lib/gcc/arm-none-eabi/11.3.1/../../../../arm-none-eabi/lib/thumb/v7e-m+fp/hard\libnosys.a
END GROUP
LOAD C:/ST/STM32CubeIDE_1.14.1/STM32CubeIDE/plugins/com.st.stm32cube.ide.mcu.externaltools.gnu-tools-for-stm32.11.3.rel1.win32_1.1.100.202309141235/tools/bin/../lib/gcc/arm-none-eabi/11.3.1/thumb/v7e-m+fp/hard/crtend.o
LOAD C:/ST/STM32CubeIDE_1.14.1/STM32CubeIDE/plugins/com.st.stm32cube.ide.mcu.externaltools.gnu-tools-for-stm32.11.3.rel1.win32_1.1.100.202309141235/tools/bin/../lib/gcc/arm-none-eabi/11.3.1/thumb/v7e-m+fp/hard/crtn.o
                0x0000000020010000                _estack = (ORIGIN (RAM) + LENGTH (RAM))
                0x0000000000000200                _Min_Heap_Size = 0x200
                0x0000000000000400                _Min_Stack_Size = 0x400

.isr_vector     0x0000000008000000      0x18c
                0x0000000008000000                . = ALIGN (0x4)
 *(.isr_vector)
 .isr_vector    0x0000000008000000      0x18c ./Core/Startup/startup_stm32l432kcux.o
                0x0000000008000000                g_pfnVectors
                0x000000000800018c                . = ALIGN (0x4)

.text           0x000000000800018c     0x9fa4
                0x000000000800018c                . = ALIGN (0x4)
 *(.text)
 .text          0x000000000800018c       0x40 C:/ST/STM32CubeIDE_1.14.1/STM32CubeIDE/plugins/com.st.stm32cube.ide.mcu.externaltools.gnu-tools-for-stm32.11.3.rel1.win32_1.1.100.202309141235/tools/bin/../lib/gcc/arm-none-eabi/11.3.1/thumb/v7e-m+fp/hard/crtbegin.o
 *(.text*)
 .text.main     0x00000000080001cc       0xa8 ./Core/Src/main.o
                0x00000000080001cc                main
 .text.SystemClock_Config
                0x0000000008000274       0xc4 ./Core/Src/main.o
                0x0000000008000274                SystemClock_Config
 .text.MX_ADC1_Init
                0x0000000008000338      0x188 ./Core/Src/main.o
 .text.MX_TIM1_Init
                0x00000000080004c0       0xa8 ./Core/Src/main.o
 .text.MX_DMA_Init
                0x0000000008000568       0x3c ./Core/Src/main.o
 .text.MX_GPIO_Init
                0x00000000080005a4       0xe0 ./Core/Src/main.o
 .text.HAL_ADC_ConvHalfCpltCallback
                0x0000000008000684       0x20 ./Core/Src/main.o
                0x0000000008000684                HAL_ADC_ConvHalfCpltCallback
 .text.HAL_ADC_ConvCpltCallback
                0x00000000080006a4       0x20 ./Core/Src/main.o
                0x00000000080006a4                HAL_ADC_ConvCpltCallback
 .text.HAL_ADC_ErrorCallback
                0x00000000080006c4       0x34 ./Core/Src/main.o
                0x00000000080006c4                HAL_ADC_ErrorCallback
 .text.ProcessUSBSend
                0x00000000080006f8       0x5c ./Core/Src/main.o
                0x00000000080006f8                ProcessUSBSend
 .text.Error_Handler
                0x0000000008000754        0xa ./Core/Src/main.o
                0x0000000008000754                Error_Handler
 *fill*         0x000000000800075e        0x2 
 .text.HAL_MspInit
                0x0000000008000760       0x48 ./Core/Src/stm32l4xx_hal_msp.o
                0x0000000008000760                HAL_MspInit
 .text.HAL_ADC_MspInit
                0x00000000080007a8      0x10c ./Core/Src/stm32l4xx_hal_msp.o
                0x00000000080007a8                HAL_ADC_MspInit
 .text.HAL_TIM_Base_MspInit
                0x00000000080008b4       0x40 ./Core/Src/stm32l4xx_hal_msp.o
                0x00000000080008b4                HAL_TIM_Base_MspInit
 .text.NMI_Handler
                0x00000000080008f4        0x6 ./Core/Src/stm32l4xx_it.o
                0x00000000080008f4                NMI_Handler
 .text.HardFault_Handler
                0x00000000080008fa        0x6 ./Core/Src/stm32l4xx_it.o
                0x00000000080008fa                HardFault_Handler
 .text.MemManage_Handler
                0x0000000008000900        0x6 ./Core/Src/stm32l4xx_it.o
                0x0000000008000900                MemManage_Handler
 .text.BusFault_Handler
                0x0000000008000906        0x6 ./Core/Src/stm32l4xx_it.o
                0x0000000008000906                BusFault_Handler
 .text.UsageFault_Handler
                0x000000000800090c        0x6 ./Core/Src/stm32l4xx_it.o
                0x000000000800090c                UsageFault_Handler
 .text.SVC_Handler
                0x0000000008000912        0xe ./Core/Src/stm32l4xx_it.o
                0x0000000008000912                SVC_Handler
 .text.DebugMon_Handler
                0x0000000008000920        0xe ./Core/Src/stm32l4xx_it.o
                0x0000000008000920                DebugMon_Handler
 .text.PendSV_Handler
                0x000000000800092e        0xe ./Core/Src/stm32l4xx_it.o
                0x000000000800092e                PendSV_Handler
 .text.SysTick_Handler
                0x000000000800093c        0xc ./Core/Src/stm32l4xx_it.o
                0x000000000800093c                SysTick_Handler
 .text.DMA1_Channel1_IRQHandler
                0x0000000008000948       0x14 ./Core/Src/stm32l4xx_it.o
                0x0000000008000948                DMA1_Channel1_IRQHandler
 .text.USB_IRQHandler
                0x000000000800095c       0x14 ./Core/Src/stm32l4xx_it.o
                0x000000000800095c                USB_IRQHandler
 .text.SystemInit
                0x0000000008000970       0x24 ./Core/Src/system_stm32l4xx.o
                0x0000000008000970                SystemInit
 .text.Reset_Handler
                0x0000000008000994       0x50 ./Core/Startup/startup_stm32l432kcux.o
                0x0000000008000994                Reset_Handler
 .text.Default_Handler
                0x00000000080009e4        0x2 ./Core/Startup/startup_stm32l432kcux.o
                0x00000000080009e4                RTC_Alarm_IRQHandler
                0x00000000080009e4                EXTI2_IRQHandler
                0x00000000080009e4                TIM1_CC_IRQHandler
                0x00000000080009e4                TSC_IRQHandler
                0x00000000080009e4                TAMP_STAMP_IRQHandler
                0x00000000080009e4                EXTI3_IRQHandler
                0x00000000080009e4                LPTIM2_IRQHandler
                0x00000000080009e4                I2C3_ER_IRQHandler
                0x00000000080009e4                EXTI0_IRQHandler
                0x00000000080009e4                CAN1_RX0_IRQHandler
                0x00000000080009e4                FPU_IRQHandler
                0x00000000080009e4                TIM1_UP_TIM16_IRQHandler
                0x00000000080009e4                SPI1_IRQHandler
                0x00000000080009e4                TIM6_DAC_IRQHandler
                0x00000000080009e4                DMA2_Channel2_IRQHandler
                0x00000000080009e4                DMA1_Channel4_IRQHandler
                0x00000000080009e4                ADC1_IRQHandler
                0x00000000080009e4                DMA1_Channel7_IRQHandler
                0x00000000080009e4                CAN1_RX1_IRQHandler
                0x00000000080009e4                DMA2_Channel1_IRQHandler
                0x00000000080009e4                QUADSPI_IRQHandler
                0x00000000080009e4                I2C1_EV_IRQHandler
                0x00000000080009e4                DMA1_Channel6_IRQHandler
                0x00000000080009e4                DMA2_Channel4_IRQHandler
                0x00000000080009e4                RCC_IRQHandler
                0x00000000080009e4                TIM1_TRG_COM_IRQHandler
                0x00000000080009e4                Default_Handler
                0x00000000080009e4                DMA2_Channel7_IRQHandler
                0x00000000080009e4                EXTI15_10_IRQHandler
                0x00000000080009e4                TIM7_IRQHandler
                0x00000000080009e4                I2C3_EV_IRQHandler
                0x00000000080009e4                EXTI9_5_IRQHandler
                0x00000000080009e4                RTC_WKUP_IRQHandler
                0x00000000080009e4                PVD_PVM_IRQHandler
                0x00000000080009e4                CAN1_TX_IRQHandler
                0x00000000080009e4                DMA2_Channel5_IRQHandler
                0x00000000080009e4                CRS_IRQHandler
                0x00000000080009e4                DMA1_Channel5_IRQHandler
                0x00000000080009e4                EXTI4_IRQHandler
                0x00000000080009e4                RNG_IRQHandler
                0x00000000080009e4                DMA1_Channel3_IRQHandler
                0x00000000080009e4                COMP_IRQHandler
                0x00000000080009e4                WWDG_IRQHandler
                0x00000000080009e4                LPUART1_IRQHandler
                0x00000000080009e4                DMA2_Channel6_IRQHandler
                0x00000000080009e4                TIM2_IRQHandler
                0x00000000080009e4                EXTI1_IRQHandler
                0x00000000080009e4                USART2_IRQHandler
                0x00000000080009e4                DMA1_Channel2_IRQHandler
                0x00000000080009e4                CAN1_SCE_IRQHandler
                0x00000000080009e4                FLASH_IRQHandler
                0x00000000080009e4                USART1_IRQHandler
                0x00000000080009e4                SPI3_IRQHandler
                0x00000000080009e4                I2C1_ER_IRQHandler
                0x00000000080009e4                SWPMI1_IRQHandler
                0x00000000080009e4                LPTIM1_IRQHandler
                0x00000000080009e4                SAI1_IRQHandler
                0x00000000080009e4                DMA2_Channel3_IRQHandler
                0x00000000080009e4                TIM1_BRK_TIM15_IRQHandler
 .text.HAL_Init
                0x00000000080009e6       0x30 ./Drivers/STM32L4xx_HAL_Driver/Src/stm32l4xx_hal.o
                0x00000000080009e6                HAL_Init
 *fill*         0x0000000008000a16        0x2 
 .text.HAL_InitTick
                0x0000000008000a18       0x78 ./Drivers/STM32L4xx_HAL_Driver/Src/stm32l4xx_hal.o
                0x0000000008000a18                HAL_InitTick
 .text.HAL_IncTick
                0x0000000008000a90       0x28 ./Drivers/STM32L4xx_HAL_Driver/Src/stm32l4xx_hal.o
                0x0000000008000a90                HAL_IncTick
 .text.HAL_GetTick
                0x0000000008000ab8       0x18 ./Drivers/STM32L4xx_HAL_Driver/Src/stm32l4xx_hal.o
                0x0000000008000ab8                HAL_GetTick
 .text.HAL_Delay
                0x0000000008000ad0       0x48 ./Drivers/STM32L4xx_HAL_Driver/Src/stm32l4xx_hal.o
                0x0000000008000ad0                HAL_Delay
 .text.LL_ADC_SetCommonClock
                0x0000000008000b18       0x26 ./Drivers/STM32L4xx_HAL_Driver/Src/stm32l4xx_hal_adc.o
 .text.LL_ADC_SetCommonPathInternalCh
                0x0000000008000b3e       0x26 ./Drivers/STM32L4xx_HAL_Driver/Src/stm32l4xx_hal_adc.o
 .text.LL_ADC_GetCommonPathInternalCh
                0x0000000008000b64       0x1c ./Drivers/STM32L4xx_HAL_Driver/Src/stm32l4xx_hal_adc.o
 .text.LL_ADC_SetOffset
                0x0000000008000b80       0x48 ./Drivers/STM32L4xx_HAL_Driver/Src/stm32l4xx_hal_adc.o
 .text.LL_ADC_GetOffsetChannel
                0x0000000008000bc8       0x2c ./Drivers/STM32L4xx_HAL_Driver/Src/stm32l4xx_hal_adc.o
 .text.LL_ADC_SetOffsetState
                0x0000000008000bf4       0x36 ./Drivers/STM32L4xx_HAL_Driver/Src/stm32l4xx_hal_adc.o
 .text.LL_ADC_REG_IsTriggerSourceSWStart
                0x0000000008000c2a       0x26 ./Drivers/STM32L4xx_HAL_Driver/Src/stm32l4xx_hal_adc.o
 .text.LL_ADC_REG_SetSequencerRanks
                0x0000000008000c50       0x58 ./Drivers/STM32L4xx_HAL_Driver/Src/stm32l4xx_hal_adc.o
 .text.LL_ADC_SetChannelSamplingTime
                0x0000000008000ca8       0x56 ./Drivers/STM32L4xx_HAL_Driver/Src/stm32l4xx_hal_adc.o
 *fill*         0x0000000008000cfe        0x2 
 .text.LL_ADC_SetChannelSingleDiff
                0x0000000008000d00       0x48 ./Drivers/STM32L4xx_HAL_Driver/Src/stm32l4xx_hal_adc.o
 .text.LL_ADC_DisableDeepPowerDown
                0x0000000008000d48       0x24 ./Drivers/STM32L4xx_HAL_Driver/Src/stm32l4xx_hal_adc.o
 .text.LL_ADC_IsDeepPowerDownEnabled
                0x0000000008000d6c       0x28 ./Drivers/STM32L4xx_HAL_Driver/Src/stm32l4xx_hal_adc.o
 .text.LL_ADC_EnableInternalRegulator
                0x0000000008000d94       0x28 ./Drivers/STM32L4xx_HAL_Driver/Src/stm32l4xx_hal_adc.o
 .text.LL_ADC_IsInternalRegulatorEnabled
                0x0000000008000dbc       0x28 ./Drivers/STM32L4xx_HAL_Driver/Src/stm32l4xx_hal_adc.o
 .text.LL_ADC_Enable
                0x0000000008000de4       0x28 ./Drivers/STM32L4xx_HAL_Driver/Src/stm32l4xx_hal_adc.o
 .text.LL_ADC_IsEnabled
                0x0000000008000e0c       0x26 ./Drivers/STM32L4xx_HAL_Driver/Src/stm32l4xx_hal_adc.o
 .text.LL_ADC_REG_StartConversion
                0x0000000008000e32       0x28 ./Drivers/STM32L4xx_HAL_Driver/Src/stm32l4xx_hal_adc.o
 .text.LL_ADC_REG_IsConversionOngoing
                0x0000000008000e5a       0x26 ./Drivers/STM32L4xx_HAL_Driver/Src/stm32l4xx_hal_adc.o
 .text.LL_ADC_INJ_IsConversionOngoing
                0x0000000008000e80       0x26 ./Drivers/STM32L4xx_HAL_Driver/Src/stm32l4xx_hal_adc.o
 *fill*         0x0000000008000ea6        0x2 
 .text.HAL_ADC_Init
                0x0000000008000ea8      0x284 ./Drivers/STM32L4xx_HAL_Driver/Src/stm32l4xx_hal_adc.o
                0x0000000008000ea8                HAL_ADC_Init
 .text.HAL_ADC_Start_DMA
                0x000000000800112c      0x108 ./Drivers/STM32L4xx_HAL_Driver/Src/stm32l4xx_hal_adc.o
                0x000000000800112c                HAL_ADC_Start_DMA
 .text.HAL_ADC_ConfigChannel
                0x0000000008001234      0x7c4 ./Drivers/STM32L4xx_HAL_Driver/Src/stm32l4xx_hal_adc.o
                0x0000000008001234                HAL_ADC_ConfigChannel
 .text.ADC_Enable
                0x00000000080019f8      0x10c ./Drivers/STM32L4xx_HAL_Driver/Src/stm32l4xx_hal_adc.o
                0x00000000080019f8                ADC_Enable
 .text.ADC_DMAConvCplt
                0x0000000008001b04       0xd8 ./Drivers/STM32L4xx_HAL_Driver/Src/stm32l4xx_hal_adc.o
                0x0000000008001b04                ADC_DMAConvCplt
 .text.ADC_DMAHalfConvCplt
                0x0000000008001bdc       0x1c ./Drivers/STM32L4xx_HAL_Driver/Src/stm32l4xx_hal_adc.o
                0x0000000008001bdc                ADC_DMAHalfConvCplt
 .text.ADC_DMAError
                0x0000000008001bf8       0x34 ./Drivers/STM32L4xx_HAL_Driver/Src/stm32l4xx_hal_adc.o
                0x0000000008001bf8                ADC_DMAError
 .text.__NVIC_SetPriorityGrouping
                0x0000000008001c2c       0x48 ./Drivers/STM32L4xx_HAL_Driver/Src/stm32l4xx_hal_cortex.o
 .text.__NVIC_GetPriorityGrouping
                0x0000000008001c74       0x1c ./Drivers/STM32L4xx_HAL_Driver/Src/stm32l4xx_hal_cortex.o
 .text.__NVIC_EnableIRQ
                0x0000000008001c90       0x3c ./Drivers/STM32L4xx_HAL_Driver/Src/stm32l4xx_hal_cortex.o
 .text.__NVIC_SetPriority
                0x0000000008001ccc       0x54 ./Drivers/STM32L4xx_HAL_Driver/Src/stm32l4xx_hal_cortex.o
 .text.NVIC_EncodePriority
                0x0000000008001d20       0x66 ./Drivers/STM32L4xx_HAL_Driver/Src/stm32l4xx_hal_cortex.o
 *fill*         0x0000000008001d86        0x2 
 .text.SysTick_Config
                0x0000000008001d88       0x44 ./Drivers/STM32L4xx_HAL_Driver/Src/stm32l4xx_hal_cortex.o
 .text.HAL_NVIC_SetPriorityGrouping
                0x0000000008001dcc       0x16 ./Drivers/STM32L4xx_HAL_Driver/Src/stm32l4xx_hal_cortex.o
                0x0000000008001dcc                HAL_NVIC_SetPriorityGrouping
 .text.HAL_NVIC_SetPriority
                0x0000000008001de2       0x38 ./Drivers/STM32L4xx_HAL_Driver/Src/stm32l4xx_hal_cortex.o
                0x0000000008001de2                HAL_NVIC_SetPriority
 .text.HAL_NVIC_EnableIRQ
                0x0000000008001e1a       0x1c ./Drivers/STM32L4xx_HAL_Driver/Src/stm32l4xx_hal_cortex.o
                0x0000000008001e1a                HAL_NVIC_EnableIRQ
 .text.HAL_SYSTICK_Config
                0x0000000008001e36       0x18 ./Drivers/STM32L4xx_HAL_Driver/Src/stm32l4xx_hal_cortex.o
                0x0000000008001e36                HAL_SYSTICK_Config
 *fill*         0x0000000008001e4e        0x2 
 .text.HAL_DMA_Init
                0x0000000008001e50      0x170 ./Drivers/STM32L4xx_HAL_Driver/Src/stm32l4xx_hal_dma.o
                0x0000000008001e50                HAL_DMA_Init
 .text.HAL_DMA_Start_IT
                0x0000000008001fc0       0xc0 ./Drivers/STM32L4xx_HAL_Driver/Src/stm32l4xx_hal_dma.o
                0x0000000008001fc0                HAL_DMA_Start_IT
 .text.HAL_DMA_IRQHandler
                0x0000000008002080      0x15e ./Drivers/STM32L4xx_HAL_Driver/Src/stm32l4xx_hal_dma.o
                0x0000000008002080                HAL_DMA_IRQHandler
 .text.DMA_SetConfig
                0x00000000080021de       0x60 ./Drivers/STM32L4xx_HAL_Driver/Src/stm32l4xx_hal_dma.o
 *fill*         0x000000000800223e        0x2 
 .text.HAL_GPIO_Init
                0x0000000008002240      0x2d4 ./Drivers/STM32L4xx_HAL_Driver/Src/stm32l4xx_hal_gpio.o
                0x0000000008002240                HAL_GPIO_Init
 .text.HAL_GPIO_WritePin
                0x0000000008002514       0x30 ./Drivers/STM32L4xx_HAL_Driver/Src/stm32l4xx_hal_gpio.o
                0x0000000008002514                HAL_GPIO_WritePin
 .text.HAL_GPIO_TogglePin
                0x0000000008002544       0x34 ./Drivers/STM32L4xx_HAL_Driver/Src/stm32l4xx_hal_gpio.o
                0x0000000008002544                HAL_GPIO_TogglePin
 .text.HAL_PCD_Init
                0x0000000008002578      0x1fa ./Drivers/STM32L4xx_HAL_Driver/Src/stm32l4xx_hal_pcd.o
                0x0000000008002578                HAL_PCD_Init
 .text.HAL_PCD_Start
                0x0000000008002772       0x44 ./Drivers/STM32L4xx_HAL_Driver/Src/stm32l4xx_hal_pcd.o
                0x0000000008002772                HAL_PCD_Start
 .text.HAL_PCD_IRQHandler
                0x00000000080027b6      0x24e ./Drivers/STM32L4xx_HAL_Driver/Src/stm32l4xx_hal_pcd.o
                0x00000000080027b6                HAL_PCD_IRQHandler
 .text.HAL_PCD_SetAddress
                0x0000000008002a04       0x48 ./Drivers/STM32L4xx_HAL_Driver/Src/stm32l4xx_hal_pcd.o
                0x0000000008002a04                HAL_PCD_SetAddress
 .text.HAL_PCD_EP_Open
                0x0000000008002a4c       0xbe ./Drivers/STM32L4xx_HAL_Driver/Src/stm32l4xx_hal_pcd.o
                0x0000000008002a4c                HAL_PCD_EP_Open
 .text.HAL_PCD_EP_Close
                0x0000000008002b0a       0x90 ./Drivers/STM32L4xx_HAL_Driver/Src/stm32l4xx_hal_pcd.o
                0x0000000008002b0a                HAL_PCD_EP_Close
 .text.HAL_PCD_EP_Receive
                0x0000000008002b9a       0x62 ./Drivers/STM32L4xx_HAL_Driver/Src/stm32l4xx_hal_pcd.o
                0x0000000008002b9a                HAL_PCD_EP_Receive
 .text.HAL_PCD_EP_GetRxCount
                0x0000000008002bfc       0x30 ./Drivers/STM32L4xx_HAL_Driver/Src/stm32l4xx_hal_pcd.o
                0x0000000008002bfc                HAL_PCD_EP_GetRxCount
 .text.HAL_PCD_EP_Transmit
                0x0000000008002c2c       0x6e ./Drivers/STM32L4xx_HAL_Driver/Src/stm32l4xx_hal_pcd.o
                0x0000000008002c2c                HAL_PCD_EP_Transmit
 .text.HAL_PCD_EP_SetStall
                0x0000000008002c9a       0xc0 ./Drivers/STM32L4xx_HAL_Driver/Src/stm32l4xx_hal_pcd.o
                0x0000000008002c9a                HAL_PCD_EP_SetStall
 .text.HAL_PCD_EP_ClrStall
                0x0000000008002d5a       0xa8 ./Drivers/STM32L4xx_HAL_Driver/Src/stm32l4xx_hal_pcd.o
                0x0000000008002d5a                HAL_PCD_EP_ClrStall
 .text.PCD_EP_ISR_Handler
                0x0000000008002e02      0x690 ./Drivers/STM32L4xx_HAL_Driver/Src/stm32l4xx_hal_pcd.o
 .text.HAL_PCD_EP_DB_Receive
                0x0000000008003492      0x212 ./Drivers/STM32L4xx_HAL_Driver/Src/stm32l4xx_hal_pcd.o
 .text.HAL_PCD_EP_DB_Transmit
                0x00000000080036a4      0x878 ./Drivers/STM32L4xx_HAL_Driver/Src/stm32l4xx_hal_pcd.o
 .text.HAL_PCDEx_PMAConfig
                0x0000000008003f1c       0x86 ./Drivers/STM32L4xx_HAL_Driver/Src/stm32l4xx_hal_pcd_ex.o
                0x0000000008003f1c                HAL_PCDEx_PMAConfig
 .text.HAL_PCDEx_ActivateLPM
                0x0000000008003fa2       0x54 ./Drivers/STM32L4xx_HAL_Driver/Src/stm32l4xx_hal_pcd_ex.o
                0x0000000008003fa2                HAL_PCDEx_ActivateLPM
 *fill*         0x0000000008003ff6        0x2 
 .text.HAL_PWR_EnableBkUpAccess
                0x0000000008003ff8       0x20 ./Drivers/STM32L4xx_HAL_Driver/Src/stm32l4xx_hal_pwr.o
                0x0000000008003ff8                HAL_PWR_EnableBkUpAccess
 .text.HAL_PWREx_GetVoltageRange
                0x0000000008004018       0x1c ./Drivers/STM32L4xx_HAL_Driver/Src/stm32l4xx_hal_pwr_ex.o
                0x0000000008004018                HAL_PWREx_GetVoltageRange
 .text.HAL_PWREx_ControlVoltageScaling
                0x0000000008004034       0xac ./Drivers/STM32L4xx_HAL_Driver/Src/stm32l4xx_hal_pwr_ex.o
                0x0000000008004034                HAL_PWREx_ControlVoltageScaling
 .text.HAL_PWREx_EnableVddUSB
                0x00000000080040e0       0x20 ./Drivers/STM32L4xx_HAL_Driver/Src/stm32l4xx_hal_pwr_ex.o
                0x00000000080040e0                HAL_PWREx_EnableVddUSB
 .text.HAL_RCC_OscConfig
                0x0000000008004100      0x828 ./Drivers/STM32L4xx_HAL_Driver/Src/stm32l4xx_hal_rcc.o
                0x0000000008004100                HAL_RCC_OscConfig
 .text.HAL_RCC_ClockConfig
                0x0000000008004928      0x200 ./Drivers/STM32L4xx_HAL_Driver/Src/stm32l4xx_hal_rcc.o
                0x0000000008004928                HAL_RCC_ClockConfig
 .text.HAL_RCC_GetSysClockFreq
                0x0000000008004b28      0x118 ./Drivers/STM32L4xx_HAL_Driver/Src/stm32l4xx_hal_rcc.o
                0x0000000008004b28                HAL_RCC_GetSysClockFreq
 .text.RCC_SetFlashLatencyFromMSIRange
                0x0000000008004c40       0xc0 ./Drivers/STM32L4xx_HAL_Driver/Src/stm32l4xx_hal_rcc.o
 .text.HAL_RCCEx_PeriphCLKConfig
                0x0000000008004d00      0x3ec ./Drivers/STM32L4xx_HAL_Driver/Src/stm32l4xx_hal_rcc_ex.o
                0x0000000008004d00                HAL_RCCEx_PeriphCLKConfig
 .text.HAL_RCCEx_EnableMSIPLLMode
                0x00000000080050ec       0x20 ./Drivers/STM32L4xx_HAL_Driver/Src/stm32l4xx_hal_rcc_ex.o
                0x00000000080050ec                HAL_RCCEx_EnableMSIPLLMode
 .text.RCCEx_PLLSAI1_Config
                0x000000000800510c      0x1e4 ./Drivers/STM32L4xx_HAL_Driver/Src/stm32l4xx_hal_rcc_ex.o
 .text.HAL_TIM_Base_Init
                0x00000000080052f0       0xae ./Drivers/STM32L4xx_HAL_Driver/Src/stm32l4xx_hal_tim.o
                0x00000000080052f0                HAL_TIM_Base_Init
 *fill*         0x000000000800539e        0x2 
 .text.HAL_TIM_Base_Start
                0x00000000080053a0       0x98 ./Drivers/STM32L4xx_HAL_Driver/Src/stm32l4xx_hal_tim.o
                0x00000000080053a0                HAL_TIM_Base_Start
 .text.HAL_TIM_ConfigClockSource
                0x0000000008005438      0x192 ./Drivers/STM32L4xx_HAL_Driver/Src/stm32l4xx_hal_tim.o
                0x0000000008005438                HAL_TIM_ConfigClockSource
 *fill*         0x00000000080055ca        0x2 
 .text.TIM_Base_SetConfig
                0x00000000080055cc       0xe0 ./Drivers/STM32L4xx_HAL_Driver/Src/stm32l4xx_hal_tim.o
                0x00000000080055cc                TIM_Base_SetConfig
 .text.TIM_TI1_ConfigInputStage
                0x00000000080056ac       0x5e ./Drivers/STM32L4xx_HAL_Driver/Src/stm32l4xx_hal_tim.o
 .text.TIM_TI2_ConfigInputStage
                0x000000000800570a       0x60 ./Drivers/STM32L4xx_HAL_Driver/Src/stm32l4xx_hal_tim.o
 .text.TIM_ITRx_SetConfig
                0x000000000800576a       0x36 ./Drivers/STM32L4xx_HAL_Driver/Src/stm32l4xx_hal_tim.o
 .text.TIM_ETR_SetConfig
                0x00000000080057a0       0x40 ./Drivers/STM32L4xx_HAL_Driver/Src/stm32l4xx_hal_tim.o
                0x00000000080057a0                TIM_ETR_SetConfig
 .text.HAL_TIMEx_MasterConfigSynchronization
                0x00000000080057e0       0xcc ./Drivers/STM32L4xx_HAL_Driver/Src/stm32l4xx_hal_tim_ex.o
                0x00000000080057e0                HAL_TIMEx_MasterConfigSynchronization
 .text.USB_CoreInit
                0x00000000080058ac       0x1c ./Drivers/STM32L4xx_HAL_Driver/Src/stm32l4xx_ll_usb.o
                0x00000000080058ac                USB_CoreInit
 .text.USB_EnableGlobalInt
                0x00000000080058c8       0x2e ./Drivers/STM32L4xx_HAL_Driver/Src/stm32l4xx_ll_usb.o
                0x00000000080058c8                USB_EnableGlobalInt
 .text.USB_DisableGlobalInt
                0x00000000080058f6       0x36 ./Drivers/STM32L4xx_HAL_Driver/Src/stm32l4xx_ll_usb.o
                0x00000000080058f6                USB_DisableGlobalInt
 .text.USB_SetCurrentMode
                0x000000000800592c       0x1a ./Drivers/STM32L4xx_HAL_Driver/Src/stm32l4xx_ll_usb.o
                0x000000000800592c                USB_SetCurrentMode
 .text.USB_DevInit
                0x0000000008005946       0x3c ./Drivers/STM32L4xx_HAL_Driver/Src/stm32l4xx_ll_usb.o
                0x0000000008005946                USB_DevInit
 *fill*         0x0000000008005982        0x2 
 .text.USB_ActivateEndpoint
                0x0000000008005984      0x9d0 ./Drivers/STM32L4xx_HAL_Driver/Src/stm32l4xx_ll_usb.o
                0x0000000008005984                USB_ActivateEndpoint
 .text.USB_DeactivateEndpoint
                0x0000000008006354      0x3da ./Drivers/STM32L4xx_HAL_Driver/Src/stm32l4xx_ll_usb.o
                0x0000000008006354                USB_DeactivateEndpoint
 .text.USB_EPStartXfer
                0x000000000800672e      0xb5e ./Drivers/STM32L4xx_HAL_Driver/Src/stm32l4xx_ll_usb.o
                0x000000000800672e                USB_EPStartXfer
 .text.USB_EPSetStall
                0x000000000800728c       0xa2 ./Drivers/STM32L4xx_HAL_Driver/Src/stm32l4xx_ll_usb.o
                0x000000000800728c                USB_EPSetStall
 .text.USB_EPClearStall
                0x000000000800732e      0x152 ./Drivers/STM32L4xx_HAL_Driver/Src/stm32l4xx_ll_usb.o
                0x000000000800732e                USB_EPClearStall
 .text.USB_SetDevAddress
                0x0000000008007480       0x28 ./Drivers/STM32L4xx_HAL_Driver/Src/stm32l4xx_ll_usb.o
                0x0000000008007480                USB_SetDevAddress
 .text.USB_DevConnect
                0x00000000080074a8       0x2e ./Drivers/STM32L4xx_HAL_Driver/Src/stm32l4xx_ll_usb.o
                0x00000000080074a8                USB_DevConnect
 .text.USB_DevDisconnect
                0x00000000080074d6       0x2a ./Drivers/STM32L4xx_HAL_Driver/Src/stm32l4xx_ll_usb.o
                0x00000000080074d6                USB_DevDisconnect
 .text.USB_ReadInterrupts
                0x0000000008007500       0x20 ./Drivers/STM32L4xx_HAL_Driver/Src/stm32l4xx_ll_usb.o
                0x0000000008007500                USB_ReadInterrupts
 .text.USB_EP0_OutStart
                0x0000000008007520       0x18 ./Drivers/STM32L4xx_HAL_Driver/Src/stm32l4xx_ll_usb.o
                0x0000000008007520                USB_EP0_OutStart
 .text.USB_WritePMA
                0x0000000008007538       0x84 ./Drivers/STM32L4xx_HAL_Driver/Src/stm32l4xx_ll_usb.o
                0x0000000008007538                USB_WritePMA
 .text.USB_ReadPMA
                0x00000000080075bc       0x98 ./Drivers/STM32L4xx_HAL_Driver/Src/stm32l4xx_ll_usb.o
                0x00000000080075bc                USB_ReadPMA
 .text.USBD_CDC_Init
                0x0000000008007654      0x1f0 ./Middlewares/ST/STM32_USB_Device_Library/Class/CDC/Src/usbd_cdc.o
 .text.USBD_CDC_DeInit
                0x0000000008007844      0x104 ./Middlewares/ST/STM32_USB_Device_Library/Class/CDC/Src/usbd_cdc.o
 .text.USBD_CDC_Setup
                0x0000000008007948      0x1b8 ./Middlewares/ST/STM32_USB_Device_Library/Class/CDC/Src/usbd_cdc.o
 .text.USBD_CDC_DataIn
                0x0000000008007b00       0xfe ./Middlewares/ST/STM32_USB_Device_Library/Class/CDC/Src/usbd_cdc.o
 .text.USBD_CDC_DataOut
                0x0000000008007bfe       0x70 ./Middlewares/ST/STM32_USB_Device_Library/Class/CDC/Src/usbd_cdc.o
 .text.USBD_CDC_EP0_RxReady
                0x0000000008007c6e       0x76 ./Middlewares/ST/STM32_USB_Device_Library/Class/CDC/Src/usbd_cdc.o
 .text.USBD_CDC_GetFSCfgDesc
                0x0000000008007ce4       0x70 ./Middlewares/ST/STM32_USB_Device_Library/Class/CDC/Src/usbd_cdc.o
 .text.USBD_CDC_GetHSCfgDesc
                0x0000000008007d54       0x70 ./Middlewares/ST/STM32_USB_Device_Library/Class/CDC/Src/usbd_cdc.o
 .text.USBD_CDC_GetOtherSpeedCfgDesc
                0x0000000008007dc4       0x70 ./Middlewares/ST/STM32_USB_Device_Library/Class/CDC/Src/usbd_cdc.o
 .text.USBD_CDC_GetDeviceQualifierDescriptor
                0x0000000008007e34       0x20 ./Middlewares/ST/STM32_USB_Device_Library/Class/CDC/Src/usbd_cdc.o
                0x0000000008007e34                USBD_CDC_GetDeviceQualifierDescriptor
 .text.USBD_CDC_RegisterInterface
                0x0000000008007e54       0x34 ./Middlewares/ST/STM32_USB_Device_Library/Class/CDC/Src/usbd_cdc.o
                0x0000000008007e54                USBD_CDC_RegisterInterface
 .text.USBD_CDC_SetTxBuffer
                0x0000000008007e88       0x44 ./Middlewares/ST/STM32_USB_Device_Library/Class/CDC/Src/usbd_cdc.o
                0x0000000008007e88                USBD_CDC_SetTxBuffer
 .text.USBD_CDC_SetRxBuffer
                0x0000000008007ecc       0x3a ./Middlewares/ST/STM32_USB_Device_Library/Class/CDC/Src/usbd_cdc.o
                0x0000000008007ecc                USBD_CDC_SetRxBuffer
 *fill*         0x0000000008007f06        0x2 
 .text.USBD_CDC_TransmitPacket
                0x0000000008007f08       0x80 ./Middlewares/ST/STM32_USB_Device_Library/Class/CDC/Src/usbd_cdc.o
                0x0000000008007f08                USBD_CDC_TransmitPacket
 .text.USBD_CDC_ReceivePacket
                0x0000000008007f88       0x6c ./Middlewares/ST/STM32_USB_Device_Library/Class/CDC/Src/usbd_cdc.o
                0x0000000008007f88                USBD_CDC_ReceivePacket
 .text.USBD_Init
                0x0000000008007ff4       0x60 ./Middlewares/ST/STM32_USB_Device_Library/Core/Src/usbd_core.o
                0x0000000008007ff4                USBD_Init
 .text.USBD_RegisterClass
                0x0000000008008054       0x6c ./Middlewares/ST/STM32_USB_Device_Library/Core/Src/usbd_core.o
                0x0000000008008054                USBD_RegisterClass
 .text.USBD_Start
                0x00000000080080c0       0x18 ./Middlewares/ST/STM32_USB_Device_Library/Core/Src/usbd_core.o
                0x00000000080080c0                USBD_Start
 .text.USBD_RunTestMode
                0x00000000080080d8       0x16 ./Middlewares/ST/STM32_USB_Device_Library/Core/Src/usbd_core.o
                0x00000000080080d8                USBD_RunTestMode
 .text.USBD_SetClassConfig
                0x00000000080080ee       0x38 ./Middlewares/ST/STM32_USB_Device_Library/Core/Src/usbd_core.o
                0x00000000080080ee                USBD_SetClassConfig
 .text.USBD_ClrClassConfig
                0x0000000008008126       0x34 ./Middlewares/ST/STM32_USB_Device_Library/Core/Src/usbd_core.o
                0x0000000008008126                USBD_ClrClassConfig
 .text.USBD_LL_SetupStage
                0x000000000800815a       0xaa ./Middlewares/ST/STM32_USB_Device_Library/Core/Src/usbd_core.o
                0x000000000800815a                USBD_LL_SetupStage
 .text.USBD_LL_DataOutStage
                0x0000000008008204      0x166 ./Middlewares/ST/STM32_USB_Device_Library/Core/Src/usbd_core.o
                0x0000000008008204                USBD_LL_DataOutStage
 .text.USBD_LL_DataInStage
                0x000000000800836a      0x164 ./Middlewares/ST/STM32_USB_Device_Library/Core/Src/usbd_core.o
                0x000000000800836a                USBD_LL_DataInStage
 .text.USBD_LL_Reset
                0x00000000080084ce       0xa4 ./Middlewares/ST/STM32_USB_Device_Library/Core/Src/usbd_core.o
                0x00000000080084ce                USBD_LL_Reset
 .text.USBD_LL_SetSpeed
                0x0000000008008572       0x20 ./Middlewares/ST/STM32_USB_Device_Library/Core/Src/usbd_core.o
                0x0000000008008572                USBD_LL_SetSpeed
 .text.USBD_LL_Suspend
                0x0000000008008592       0x38 ./Middlewares/ST/STM32_USB_Device_Library/Core/Src/usbd_core.o
                0x0000000008008592                USBD_LL_Suspend
 .text.USBD_LL_Resume
                0x00000000080085ca       0x30 ./Middlewares/ST/STM32_USB_Device_Library/Core/Src/usbd_core.o
                0x00000000080085ca                USBD_LL_Resume
 .text.USBD_LL_SOF
                0x00000000080085fa       0x40 ./Middlewares/ST/STM32_USB_Device_Library/Core/Src/usbd_core.o
                0x00000000080085fa                USBD_LL_SOF
 .text.USBD_CoreFindIF
                0x000000000800863a       0x1a ./Middlewares/ST/STM32_USB_Device_Library/Core/Src/usbd_core.o
                0x000000000800863a                USBD_CoreFindIF
 .text.USBD_CoreFindEP
                0x0000000008008654       0x1a ./Middlewares/ST/STM32_USB_Device_Library/Core/Src/usbd_core.o
                0x0000000008008654                USBD_CoreFindEP
 .text.USBD_GetEpDesc
                0x000000000800866e       0x74 ./Middlewares/ST/STM32_USB_Device_Library/Core/Src/usbd_core.o
                0x000000000800866e                USBD_GetEpDesc
 .text.USBD_GetNextDesc
                0x00000000080086e2       0x3a ./Middlewares/ST/STM32_USB_Device_Library/Core/Src/usbd_core.o
                0x00000000080086e2                USBD_GetNextDesc
 .text.SWAPBYTE
                0x000000000800871c       0x3c ./Middlewares/ST/STM32_USB_Device_Library/Core/Src/usbd_ctlreq.o
 .text.USBD_StdDevReq
                0x0000000008008758       0xe4 ./Middlewares/ST/STM32_USB_Device_Library/Core/Src/usbd_ctlreq.o
                0x0000000008008758                USBD_StdDevReq
 .text.USBD_StdItfReq
                0x000000000800883c       0xd8 ./Middlewares/ST/STM32_USB_Device_Library/Core/Src/usbd_ctlreq.o
                0x000000000800883c                USBD_StdItfReq
 .text.USBD_StdEPReq
                0x0000000008008914      0x33a ./Middlewares/ST/STM32_USB_Device_Library/Core/Src/usbd_ctlreq.o
                0x0000000008008914                USBD_StdEPReq
 *fill*         0x0000000008008c4e        0x2 
 .text.USBD_GetDescriptor
                0x0000000008008c50      0x328 ./Middlewares/ST/STM32_USB_Device_Library/Core/Src/usbd_ctlreq.o
 .text.USBD_SetAddress
                0x0000000008008f78       0x88 ./Middlewares/ST/STM32_USB_Device_Library/Core/Src/usbd_ctlreq.o
 .text.USBD_SetConfig
                0x0000000008009000      0x154 ./Middlewares/ST/STM32_USB_Device_Library/Core/Src/usbd_ctlreq.o
 .text.USBD_GetConfig
                0x0000000008009154       0x6c ./Middlewares/ST/STM32_USB_Device_Library/Core/Src/usbd_ctlreq.o
 .text.USBD_GetStatus
                0x00000000080091c0       0x68 ./Middlewares/ST/STM32_USB_Device_Library/Core/Src/usbd_ctlreq.o
 .text.USBD_SetFeature
                0x0000000008009228       0x52 ./Middlewares/ST/STM32_USB_Device_Library/Core/Src/usbd_ctlreq.o
 .text.USBD_ClrFeature
                0x000000000800927a       0x44 ./Middlewares/ST/STM32_USB_Device_Library/Core/Src/usbd_ctlreq.o
 .text.USBD_ParseSetupRequest
                0x00000000080092be       0x74 ./Middlewares/ST/STM32_USB_Device_Library/Core/Src/usbd_ctlreq.o
                0x00000000080092be                USBD_ParseSetupRequest
 .text.USBD_CtlError
                0x0000000008009332       0x22 ./Middlewares/ST/STM32_USB_Device_Library/Core/Src/usbd_ctlreq.o
                0x0000000008009332                USBD_CtlError
 .text.USBD_GetString
                0x0000000008009354       0xa4 ./Middlewares/ST/STM32_USB_Device_Library/Core/Src/usbd_ctlreq.o
                0x0000000008009354                USBD_GetString
 .text.USBD_GetLen
                0x00000000080093f8       0x34 ./Middlewares/ST/STM32_USB_Device_Library/Core/Src/usbd_ctlreq.o
 .text.USBD_CtlSendData
                0x000000000800942c       0x36 ./Middlewares/ST/STM32_USB_Device_Library/Core/Src/usbd_ioreq.o
                0x000000000800942c                USBD_CtlSendData
 .text.USBD_CtlContinueSendData
                0x0000000008009462       0x22 ./Middlewares/ST/STM32_USB_Device_Library/Core/Src/usbd_ioreq.o
                0x0000000008009462                USBD_CtlContinueSendData
 .text.USBD_CtlPrepareRx
                0x0000000008009484       0x3a ./Middlewares/ST/STM32_USB_Device_Library/Core/Src/usbd_ioreq.o
                0x0000000008009484                USBD_CtlPrepareRx
 .text.USBD_CtlContinueRx
                0x00000000080094be       0x22 ./Middlewares/ST/STM32_USB_Device_Library/Core/Src/usbd_ioreq.o
                0x00000000080094be                USBD_CtlContinueRx
 .text.USBD_CtlSendStatus
                0x00000000080094e0       0x26 ./Middlewares/ST/STM32_USB_Device_Library/Core/Src/usbd_ioreq.o
                0x00000000080094e0                USBD_CtlSendStatus
 .text.USBD_CtlReceiveStatus
                0x0000000008009506       0x26 ./Middlewares/ST/STM32_USB_Device_Library/Core/Src/usbd_ioreq.o
                0x0000000008009506                USBD_CtlReceiveStatus
 .text.MX_USB_DEVICE_Init
                0x000000000800952c       0x60 ./USB_DEVICE/App/usb_device.o
                0x000000000800952c                MX_USB_DEVICE_Init
 .text.CDC_Init_FS
                0x000000000800958c       0x28 ./USB_DEVICE/App/usbd_cdc_if.o
 .text.CDC_DeInit_FS
                0x00000000080095b4       0x10 ./USB_DEVICE/App/usbd_cdc_if.o
 .text.CDC_Control_FS
                0x00000000080095c4       0xbc ./USB_DEVICE/App/usbd_cdc_if.o
 .text.CDC_Receive_FS
                0x0000000008009680       0x28 ./USB_DEVICE/App/usbd_cdc_if.o
 .text.CDC_Transmit_FS
                0x00000000080096a8       0x4c ./USB_DEVICE/App/usbd_cdc_if.o
                0x00000000080096a8                CDC_Transmit_FS
 .text.CDC_TransmitCplt_FS
                0x00000000080096f4       0x22 ./USB_DEVICE/App/usbd_cdc_if.o
 *fill*         0x0000000008009716        0x2 
 .text.USBD_FS_DeviceDescriptor
                0x0000000008009718       0x24 ./USB_DEVICE/App/usbd_desc.o
                0x0000000008009718                USBD_FS_DeviceDescriptor
 .text.USBD_FS_LangIDStrDescriptor
                0x000000000800973c       0x24 ./USB_DEVICE/App/usbd_desc.o
                0x000000000800973c                USBD_FS_LangIDStrDescriptor
 .text.USBD_FS_ProductStrDescriptor
                0x0000000008009760       0x3c ./USB_DEVICE/App/usbd_desc.o
                0x0000000008009760                USBD_FS_ProductStrDescriptor
 .text.USBD_FS_ManufacturerStrDescriptor
                0x000000000800979c       0x28 ./USB_DEVICE/App/usbd_desc.o
                0x000000000800979c                USBD_FS_ManufacturerStrDescriptor
 .text.USBD_FS_SerialStrDescriptor
                0x00000000080097c4       0x24 ./USB_DEVICE/App/usbd_desc.o
                0x00000000080097c4                USBD_FS_SerialStrDescriptor
 .text.USBD_FS_ConfigStrDescriptor
                0x00000000080097e8       0x3c ./USB_DEVICE/App/usbd_desc.o
                0x00000000080097e8                USBD_FS_ConfigStrDescriptor
 .text.USBD_FS_InterfaceStrDescriptor
                0x0000000008009824       0x3c ./USB_DEVICE/App/usbd_desc.o
                0x0000000008009824                USBD_FS_InterfaceStrDescriptor
 .text.USBD_FS_USR_BOSDescriptor
                0x0000000008009860       0x24 ./USB_DEVICE/App/usbd_desc.o
                0x0000000008009860                USBD_FS_USR_BOSDescriptor
 .text.Get_SerialNum
                0x0000000008009884       0x58 ./USB_DEVICE/App/usbd_desc.o
 .text.IntToUnicode
                0x00000000080098dc       0x7e ./USB_DEVICE/App/usbd_desc.o
 *fill*         0x000000000800995a        0x2 
 .text.HAL_PCD_MspInit
                0x000000000800995c       0x98 ./USB_DEVICE/Target/usbd_conf.o
                0x000000000800995c                HAL_PCD_MspInit
 .text.HAL_PCD_SetupStageCallback
                0x00000000080099f4       0x24 ./USB_DEVICE/Target/usbd_conf.o
                0x00000000080099f4                HAL_PCD_SetupStageCallback
 .text.HAL_PCD_DataOutStageCallback
                0x0000000008009a18       0x36 ./USB_DEVICE/Target/usbd_conf.o
                0x0000000008009a18                HAL_PCD_DataOutStageCallback
 .text.HAL_PCD_DataInStageCallback
                0x0000000008009a4e       0x34 ./USB_DEVICE/Target/usbd_conf.o
                0x0000000008009a4e                HAL_PCD_DataInStageCallback
 .text.HAL_PCD_SOFCallback
                0x0000000008009a82       0x1c ./USB_DEVICE/Target/usbd_conf.o
                0x0000000008009a82                HAL_PCD_SOFCallback
 .text.HAL_PCD_ResetCallback
                0x0000000008009a9e       0x3c ./USB_DEVICE/Target/usbd_conf.o
                0x0000000008009a9e                HAL_PCD_ResetCallback
 *fill*         0x0000000008009ada        0x2 
 .text.HAL_PCD_SuspendCallback
                0x0000000008009adc       0x34 ./USB_DEVICE/Target/usbd_conf.o
                0x0000000008009adc                HAL_PCD_SuspendCallback
 .text.HAL_PCD_ResumeCallback
                0x0000000008009b10       0x38 ./USB_DEVICE/Target/usbd_conf.o
                0x0000000008009b10                HAL_PCD_ResumeCallback
 .text.USBD_LL_Init
                0x0000000008009b48       0xc4 ./USB_DEVICE/Target/usbd_conf.o
                0x0000000008009b48                USBD_LL_Init
 .text.USBD_LL_Start
                0x0000000008009c0c       0x64 ./USB_DEVICE/Target/usbd_conf.o
                0x0000000008009c0c                USBD_LL_Start
 .text.USBD_LL_OpenEP
                0x0000000008009c70       0x7c ./USB_DEVICE/Target/usbd_conf.o
                0x0000000008009c70                USBD_LL_OpenEP
 .text.USBD_LL_CloseEP
                0x0000000008009cec       0x6c ./USB_DEVICE/Target/usbd_conf.o
                0x0000000008009cec                USBD_LL_CloseEP
 .text.USBD_LL_StallEP
                0x0000000008009d58       0x6c ./USB_DEVICE/Target/usbd_conf.o
                0x0000000008009d58                USBD_LL_StallEP
 .text.USBD_LL_ClearStallEP
                0x0000000008009dc4       0x6c ./USB_DEVICE/Target/usbd_conf.o
                0x0000000008009dc4                USBD_LL_ClearStallEP
 .text.USBD_LL_IsStallEP
                0x0000000008009e30       0x58 ./USB_DEVICE/Target/usbd_conf.o
                0x0000000008009e30                USBD_LL_IsStallEP
 .text.USBD_LL_SetUSBAddress
                0x0000000008009e88       0x6c ./USB_DEVICE/Target/usbd_conf.o
                0x0000000008009e88                USBD_LL_SetUSBAddress
 .text.USBD_LL_Transmit
                0x0000000008009ef4       0x70 ./USB_DEVICE/Target/usbd_conf.o
                0x0000000008009ef4                USBD_LL_Transmit
 .text.USBD_LL_PrepareReceive
                0x0000000008009f64       0x70 ./USB_DEVICE/Target/usbd_conf.o
                0x0000000008009f64                USBD_LL_PrepareReceive
 .text.USBD_LL_GetRxDataSize
                0x0000000008009fd4       0x26 ./USB_DEVICE/Target/usbd_conf.o
                0x0000000008009fd4                USBD_LL_GetRxDataSize
 *fill*         0x0000000008009ffa        0x2 
 .text.HAL_PCDEx_LPM_Callback
                0x0000000008009ffc       0x6c ./USB_DEVICE/Target/usbd_conf.o
                0x0000000008009ffc                HAL_PCDEx_LPM_Callback
 .text.USBD_static_malloc
                0x000000000800a068       0x1c ./USB_DEVICE/Target/usbd_conf.o
                0x000000000800a068                USBD_static_malloc
 .text.USBD_static_free
                0x000000000800a084       0x14 ./USB_DEVICE/Target/usbd_conf.o
                0x000000000800a084                USBD_static_free
 .text.SystemClockConfig_Resume
                0x000000000800a098        0xc ./USB_DEVICE/Target/usbd_conf.o
 .text.memset   0x000000000800a0a4       0x10 C:/ST/STM32CubeIDE_1.14.1/STM32CubeIDE/plugins/com.st.stm32cube.ide.mcu.externaltools.gnu-tools-for-stm32.11.3.rel1.win32_1.1.100.202309141235/tools/bin/../lib/gcc/arm-none-eabi/11.3.1/../../../../arm-none-eabi/lib/thumb/v7e-m+fp/hard\libc_nano.a(libc_a-memset.o)
                0x000000000800a0a4                memset
 .text.__libc_init_array
                0x000000000800a0b4       0x48 C:/ST/STM32CubeIDE_1.14.1/STM32CubeIDE/plugins/com.st.stm32cube.ide.mcu.externaltools.gnu-tools-for-stm32.11.3.rel1.win32_1.1.100.202309141235/tools/bin/../lib/gcc/arm-none-eabi/11.3.1/../../../../arm-none-eabi/lib/thumb/v7e-m+fp/hard\libc_nano.a(libc_a-init.o)
                0x000000000800a0b4                __libc_init_array
 .text.memcpy   0x000000000800a0fc       0x1c C:/ST/STM32CubeIDE_1.14.1/STM32CubeIDE/plugins/com.st.stm32cube.ide.mcu.externaltools.gnu-tools-for-stm32.11.3.rel1.win32_1.1.100.202309141235/tools/bin/../lib/gcc/arm-none-eabi/11.3.1/../../../../arm-none-eabi/lib/thumb/v7e-m+fp/hard\libc_nano.a(libc_a-memcpy-stub.o)
                0x000000000800a0fc                memcpy
 *(.glue_7)
 .glue_7        0x000000000800a118        0x0 linker stubs
 *(.glue_7t)
 .glue_7t       0x000000000800a118        0x0 linker stubs
 *(.eh_frame)
 .eh_frame      0x000000000800a118        0x0 C:/ST/STM32CubeIDE_1.14.1/STM32CubeIDE/plugins/com.st.stm32cube.ide.mcu.externaltools.gnu-tools-for-stm32.11.3.rel1.win32_1.1.100.202309141235/tools/bin/../lib/gcc/arm-none-eabi/11.3.1/thumb/v7e-m+fp/hard/crtbegin.o
 *(.init)
 .init          0x000000000800a118        0x4 C:/ST/STM32CubeIDE_1.14.1/STM32CubeIDE/plugins/com.st.stm32cube.ide.mcu.externaltools.gnu-tools-for-stm32.11.3.rel1.win32_1.1.100.202309141235/tools/bin/../lib/gcc/arm-none-eabi/11.3.1/thumb/v7e-m+fp/hard/crti.o
                0x000000000800a118                _init
 .init          0x000000000800a11c        0x8 C:/ST/STM32CubeIDE_1.14.1/STM32CubeIDE/plugins/com.st.stm32cube.ide.mcu.externaltools.gnu-tools-for-stm32.11.3.rel1.win32_1.1.100.202309141235/tools/bin/../lib/gcc/arm-none-eabi/11.3.1/thumb/v7e-m+fp/hard/crtn.o
 *(.fini)
 .fini          0x000000000800a124        0x4 C:/ST/STM32CubeIDE_1.14.1/STM32CubeIDE/plugins/com.st.stm32cube.ide.mcu.externaltools.gnu-tools-for-stm32.11.3.rel1.win32_1.1.100.202309141235/tools/bin/../lib/gcc/arm-none-eabi/11.3.1/thumb/v7e-m+fp/hard/crti.o
                0x000000000800a124                _fini
 .fini          0x000000000800a128        0x8 C:/ST/STM32CubeIDE_1.14.1/STM32CubeIDE/plugins/com.st.stm32cube.ide.mcu.externaltools.gnu-tools-for-stm32.11.3.rel1.win32_1.1.100.202309141235/tools/bin/../lib/gcc/arm-none-eabi/11.3.1/thumb/v7e-m+fp/hard/crtn.o
                0x000000000800a130                . = ALIGN (0x4)
                0x000000000800a130                _etext = .

.vfp11_veneer   0x000000000800a130        0x0
 .vfp11_veneer  0x000000000800a130        0x0 linker stubs

.v4_bx          0x000000000800a130        0x0
 .v4_bx         0x000000000800a130        0x0 linker stubs

.iplt           0x000000000800a130        0x0
 .iplt          0x000000000800a130        0x0 C:/ST/STM32CubeIDE_1.14.1/STM32CubeIDE/plugins/com.st.stm32cube.ide.mcu.externaltools.gnu-tools-for-stm32.11.3.rel1.win32_1.1.100.202309141235/tools/bin/../lib/gcc/arm-none-eabi/11.3.1/thumb/v7e-m+fp/hard/crtbegin.o

.rodata         0x000000000800a130       0x88
                0x000000000800a130                . = ALIGN (0x4)
 *(.rodata)
 .rodata        0x000000000800a130       0x46 ./USB_DEVICE/App/usbd_desc.o
 *(.rodata*)
 *fill*         0x000000000800a176        0x2 
 .rodata.AHBPrescTable
                0x000000000800a178       0x10 ./Core/Src/system_stm32l4xx.o
                0x000000000800a178                AHBPrescTable
 .rodata.MSIRangeTable
                0x000000000800a188       0x30 ./Core/Src/system_stm32l4xx.o
                0x000000000800a188                MSIRangeTable
                0x000000000800a1b8                . = ALIGN (0x4)

.rel.dyn        0x000000000800a1b8        0x0
 .rel.iplt      0x000000000800a1b8        0x0 C:/ST/STM32CubeIDE_1.14.1/STM32CubeIDE/plugins/com.st.stm32cube.ide.mcu.externaltools.gnu-tools-for-stm32.11.3.rel1.win32_1.1.100.202309141235/tools/bin/../lib/gcc/arm-none-eabi/11.3.1/thumb/v7e-m+fp/hard/crtbegin.o

.ARM.extab      0x000000000800a1b8        0x0
                0x000000000800a1b8                . = ALIGN (0x4)
 *(.ARM.extab* .gnu.linkonce.armextab.*)
                0x000000000800a1b8                . = ALIGN (0x4)

.ARM            0x000000000800a1b8        0x0
                0x000000000800a1b8                . = ALIGN (0x4)
                0x000000000800a1b8                __exidx_start = .
 *(.ARM.exidx*)
                0x000000000800a1b8                __exidx_end = .
                0x000000000800a1b8                . = ALIGN (0x4)

.preinit_array  0x000000000800a1b8        0x0
                0x000000000800a1b8                . = ALIGN (0x4)
                0x000000000800a1b8                PROVIDE (__preinit_array_start = .)
 *(.preinit_array*)
                0x000000000800a1b8                PROVIDE (__preinit_array_end = .)
                0x000000000800a1b8                . = ALIGN (0x4)

.init_array     0x000000000800a1b8        0x4
                0x000000000800a1b8                . = ALIGN (0x4)
                0x000000000800a1b8                PROVIDE (__init_array_start = .)
 *(SORT_BY_NAME(.init_array.*))
 *(.init_array*)
 .init_array    0x000000000800a1b8        0x4 C:/ST/STM32CubeIDE_1.14.1/STM32CubeIDE/plugins/com.st.stm32cube.ide.mcu.externaltools.gnu-tools-for-stm32.11.3.rel1.win32_1.1.100.202309141235/tools/bin/../lib/gcc/arm-none-eabi/11.3.1/thumb/v7e-m+fp/hard/crtbegin.o
                0x000000000800a1bc                PROVIDE (__init_array_end = .)
                0x000000000800a1bc                . = ALIGN (0x4)

.fini_array     0x000000000800a1bc        0x4
                0x000000000800a1bc                . = ALIGN (0x4)
                [!provide]                        PROVIDE (__fini_array_start = .)
 *(SORT_BY_NAME(.fini_array.*))
 *(.fini_array*)
 .fini_array    0x000000000800a1bc        0x4 C:/ST/STM32CubeIDE_1.14.1/STM32CubeIDE/plugins/com.st.stm32cube.ide.mcu.externaltools.gnu-tools-for-stm32.11.3.rel1.win32_1.1.100.202309141235/tools/bin/../lib/gcc/arm-none-eabi/11.3.1/thumb/v7e-m+fp/hard/crtbegin.o
                [!provide]                        PROVIDE (__fini_array_end = .)
                0x000000000800a1c0                . = ALIGN (0x4)
                0x000000000800a1c0                _sidata = LOADADDR (.data)

.data           0x0000000020000000      0x10c load address 0x000000000800a1c0
                0x0000000020000000                . = ALIGN (0x4)
                0x0000000020000000                _sdata = .
 *(.data)
 *(.data*)
 .data.SystemCoreClock
                0x0000000020000000        0x4 ./Core/Src/system_stm32l4xx.o
                0x0000000020000000                SystemCoreClock
 .data.uwTickPrio
                0x0000000020000004        0x4 ./Drivers/STM32L4xx_HAL_Driver/Src/stm32l4xx_hal.o
                0x0000000020000004                uwTickPrio
 .data.uwTickFreq
                0x0000000020000008        0x1 ./Drivers/STM32L4xx_HAL_Driver/Src/stm32l4xx_hal.o
                0x0000000020000008                uwTickFreq
 *fill*         0x0000000020000009        0x3 
 .data.USBD_CDC_DeviceQualifierDesc
                0x000000002000000c        0xa ./Middlewares/ST/STM32_USB_Device_Library/Class/CDC/Src/usbd_cdc.o
 *fill*         0x0000000020000016        0x2 
 .data.USBD_CDC
                0x0000000020000018       0x38 ./Middlewares/ST/STM32_USB_Device_Library/Class/CDC/Src/usbd_cdc.o
                0x0000000020000018                USBD_CDC
 .data.USBD_CDC_CfgDesc
                0x0000000020000050       0x43 ./Middlewares/ST/STM32_USB_Device_Library/Class/CDC/Src/usbd_cdc.o
 .data.CDCInEpAdd
                0x0000000020000093        0x1 ./Middlewares/ST/STM32_USB_Device_Library/Class/CDC/Src/usbd_cdc.o
 .data.CDCOutEpAdd
                0x0000000020000094        0x1 ./Middlewares/ST/STM32_USB_Device_Library/Class/CDC/Src/usbd_cdc.o
 .data.CDCCmdEpAdd
                0x0000000020000095        0x1 ./Middlewares/ST/STM32_USB_Device_Library/Class/CDC/Src/usbd_cdc.o
 *fill*         0x0000000020000096        0x2 
 .data.USBD_Interface_fops_FS
                0x0000000020000098       0x14 ./USB_DEVICE/App/usbd_cdc_if.o
                0x0000000020000098                USBD_Interface_fops_FS
 .data.FS_Desc  0x00000000200000ac       0x20 ./USB_DEVICE/App/usbd_desc.o
                0x00000000200000ac                FS_Desc
 .data.USBD_FS_DeviceDesc
                0x00000000200000cc       0x12 ./USB_DEVICE/App/usbd_desc.o
                0x00000000200000cc                USBD_FS_DeviceDesc
 *fill*         0x00000000200000de        0x2 
 .data.USBD_FS_BOSDesc
                0x00000000200000e0        0xc ./USB_DEVICE/App/usbd_desc.o
                0x00000000200000e0                USBD_FS_BOSDesc
 .data.USBD_LangIDDesc
                0x00000000200000ec        0x4 ./USB_DEVICE/App/usbd_desc.o
                0x00000000200000ec                USBD_LangIDDesc
 .data.USBD_StringSerial
                0x00000000200000f0       0x1a ./USB_DEVICE/App/usbd_desc.o
                0x00000000200000f0                USBD_StringSerial
 *(.RamFunc)
 *(.RamFunc*)
                0x000000002000010c                . = ALIGN (0x4)
 *fill*         0x000000002000010a        0x2 
                0x000000002000010c                _edata = .

.igot.plt       0x000000002000010c        0x0 load address 0x000000000800a2cc
 .igot.plt      0x000000002000010c        0x0 C:/ST/STM32CubeIDE_1.14.1/STM32CubeIDE/plugins/com.st.stm32cube.ide.mcu.externaltools.gnu-tools-for-stm32.11.3.rel1.win32_1.1.100.202309141235/tools/bin/../lib/gcc/arm-none-eabi/11.3.1/thumb/v7e-m+fp/hard/crtbegin.o
                0x000000002000010c                . = ALIGN (0x4)

.bss            0x000000002000010c     0x1dbc load address 0x000000000800a2cc
                0x000000002000010c                _sbss = .
                0x000000002000010c                __bss_start__ = _sbss
 *(.bss)
 .bss           0x000000002000010c       0x1c C:/ST/STM32CubeIDE_1.14.1/STM32CubeIDE/plugins/com.st.stm32cube.ide.mcu.externaltools.gnu-tools-for-stm32.11.3.rel1.win32_1.1.100.202309141235/tools/bin/../lib/gcc/arm-none-eabi/11.3.1/thumb/v7e-m+fp/hard/crtbegin.o
 *(.bss*)
 .bss.hadc1     0x0000000020000128       0x64 ./Core/Src/main.o
                0x0000000020000128                hadc1
 .bss.hdma_adc1
                0x000000002000018c       0x48 ./Core/Src/main.o
                0x000000002000018c                hdma_adc1
 .bss.htim1     0x00000000200001d4       0x4c ./Core/Src/main.o
                0x00000000200001d4                htim1
 .bss.adcBuffer
                0x0000000020000220      0x780 ./Core/Src/main.o
                0x0000000020000220                adcBuffer
 .bss.usbBuffer
                0x00000000200009a0      0x3c0 ./Core/Src/main.o
                0x00000000200009a0                usbBuffer
 .bss.dmaHalfComplete
                0x0000000020000d60        0x1 ./Core/Src/main.o
                0x0000000020000d60                dmaHalfComplete
 .bss.dmaComplete
                0x0000000020000d61        0x1 ./Core/Src/main.o
                0x0000000020000d61                dmaComplete
 *fill*         0x0000000020000d62        0x2 
 .bss.uwTick    0x0000000020000d64        0x4 ./Drivers/STM32L4xx_HAL_Driver/Src/stm32l4xx_hal.o
                0x0000000020000d64                uwTick
 .bss.cfgidx.0  0x0000000020000d68        0x1 ./Middlewares/ST/STM32_USB_Device_Library/Core/Src/usbd_ctlreq.o
 *fill*         0x0000000020000d69        0x3 
 .bss.hUsbDeviceFS
                0x0000000020000d6c      0x2dc ./USB_DEVICE/App/usb_device.o
                0x0000000020000d6c                hUsbDeviceFS
 .bss.UserRxBufferFS
                0x0000000020001048      0x3c0 ./USB_DEVICE/App/usbd_cdc_if.o
                0x0000000020001048                UserRxBufferFS
 .bss.UserTxBufferFS
                0x0000000020001408      0x3c0 ./USB_DEVICE/App/usbd_cdc_if.o
                0x0000000020001408                UserTxBufferFS
 .bss.USBD_StrDesc
                0x00000000200017c8      0x200 ./USB_DEVICE/App/usbd_desc.o
                0x00000000200017c8                USBD_StrDesc
 .bss.hpcd_USB_FS
                0x00000000200019c8      0x2e0 ./USB_DEVICE/Target/usbd_conf.o
                0x00000000200019c8                hpcd_USB_FS
 .bss.mem.0     0x0000000020001ca8      0x220 ./USB_DEVICE/Target/usbd_conf.o
 *(COMMON)
                0x0000000020001ec8                . = ALIGN (0x4)
                0x0000000020001ec8                _ebss = .
                0x0000000020001ec8                __bss_end__ = _ebss

._user_heap_stack
                0x0000000020001ec8      0x600 load address 0x000000000800a2cc
                0x0000000020001ec8                . = ALIGN (0x8)
                [!provide]                        PROVIDE (end = .)
                0x0000000020001ec8                PROVIDE (_end = .)
                0x00000000200020c8                . = (. + _Min_Heap_Size)
 *fill*         0x0000000020001ec8      0x200 
                0x00000000200024c8                . = (. + _Min_Stack_Size)
 *fill*         0x00000000200020c8      0x400 
                0x00000000200024c8                . = ALIGN (0x8)

/DISCARD/
 libc.a(*)
 libm.a(*)
 libgcc.a(*)

.ARM.attributes
                0x0000000000000000       0x30
 *(.ARM.attributes)
 .ARM.attributes
                0x0000000000000000       0x1e C:/ST/STM32CubeIDE_1.14.1/STM32CubeIDE/plugins/com.st.stm32cube.ide.mcu.externaltools.gnu-tools-for-stm32.11.3.rel1.win32_1.1.100.202309141235/tools/bin/../lib/gcc/arm-none-eabi/11.3.1/thumb/v7e-m+fp/hard/crti.o
 .ARM.attributes
                0x000000000000001e       0x34 C:/ST/STM32CubeIDE_1.14.1/STM32CubeIDE/plugins/com.st.stm32cube.ide.mcu.externaltools.gnu-tools-for-stm32.11.3.rel1.win32_1.1.100.202309141235/tools/bin/../lib/gcc/arm-none-eabi/11.3.1/thumb/v7e-m+fp/hard/crtbegin.o
 .ARM.attributes
                0x0000000000000052       0x34 ./Core/Src/main.o
 .ARM.attributes
                0x0000000000000086       0x34 ./Core/Src/stm32l4xx_hal_msp.o
 .ARM.attributes
                0x00000000000000ba       0x34 ./Core/Src/stm32l4xx_it.o
 .ARM.attributes
                0x00000000000000ee       0x34 ./Core/Src/system_stm32l4xx.o
 .ARM.attributes
                0x0000000000000122       0x21 ./Core/Startup/startup_stm32l432kcux.o
 .ARM.attributes
                0x0000000000000143       0x34 ./Drivers/STM32L4xx_HAL_Driver/Src/stm32l4xx_hal.o
 .ARM.attributes
                0x0000000000000177       0x34 ./Drivers/STM32L4xx_HAL_Driver/Src/stm32l4xx_hal_adc.o
 .ARM.attributes
                0x00000000000001ab       0x34 ./Drivers/STM32L4xx_HAL_Driver/Src/stm32l4xx_hal_cortex.o
 .ARM.attributes
                0x00000000000001df       0x34 ./Drivers/STM32L4xx_HAL_Driver/Src/stm32l4xx_hal_dma.o
 .ARM.attributes
                0x0000000000000213       0x34 ./Drivers/STM32L4xx_HAL_Driver/Src/stm32l4xx_hal_gpio.o
 .ARM.attributes
                0x0000000000000247       0x34 ./Drivers/STM32L4xx_HAL_Driver/Src/stm32l4xx_hal_pcd.o
 .ARM.attributes
                0x000000000000027b       0x34 ./Drivers/STM32L4xx_HAL_Driver/Src/stm32l4xx_hal_pcd_ex.o
 .ARM.attributes
                0x00000000000002af       0x34 ./Drivers/STM32L4xx_HAL_Driver/Src/stm32l4xx_hal_pwr.o
 .ARM.attributes
                0x00000000000002e3       0x34 ./Drivers/STM32L4xx_HAL_Driver/Src/stm32l4xx_hal_pwr_ex.o
 .ARM.attributes
                0x0000000000000317       0x34 ./Drivers/STM32L4xx_HAL_Driver/Src/stm32l4xx_hal_rcc.o
 .ARM.attributes
                0x000000000000034b       0x34 ./Drivers/STM32L4xx_HAL_Driver/Src/stm32l4xx_hal_rcc_ex.o
 .ARM.attributes
                0x000000000000037f       0x34 ./Drivers/STM32L4xx_HAL_Driver/Src/stm32l4xx_hal_tim.o
 .ARM.attributes
                0x00000000000003b3       0x34 ./Drivers/STM32L4xx_HAL_Driver/Src/stm32l4xx_hal_tim_ex.o
 .ARM.attributes
                0x00000000000003e7       0x34 ./Drivers/STM32L4xx_HAL_Driver/Src/stm32l4xx_ll_usb.o
 .ARM.attributes
                0x000000000000041b       0x34 ./Middlewares/ST/STM32_USB_Device_Library/Class/CDC/Src/usbd_cdc.o
 .ARM.attributes
                0x000000000000044f       0x34 ./Middlewares/ST/STM32_USB_Device_Library/Core/Src/usbd_core.o
 .ARM.attributes
                0x0000000000000483       0x34 ./Middlewares/ST/STM32_USB_Device_Library/Core/Src/usbd_ctlreq.o
 .ARM.attributes
                0x00000000000004b7       0x34 ./Middlewares/ST/STM32_USB_Device_Library/Core/Src/usbd_ioreq.o
 .ARM.attributes
                0x00000000000004eb       0x34 ./USB_DEVICE/App/usb_device.o
 .ARM.attributes
                0x000000000000051f       0x34 ./USB_DEVICE/App/usbd_cdc_if.o
 .ARM.attributes
                0x0000000000000553       0x34 ./USB_DEVICE/App/usbd_desc.o
 .ARM.attributes
                0x0000000000000587       0x34 ./USB_DEVICE/Target/usbd_conf.o
 .ARM.attributes
                0x00000000000005bb       0x34 C:/ST/STM32CubeIDE_1.14.1/STM32CubeIDE/plugins/com.st.stm32cube.ide.mcu.externaltools.gnu-tools-for-stm32.11.3.rel1.win32_1.1.100.202309141235/tools/bin/../lib/gcc/arm-none-eabi/11.3.1/../../../../arm-none-eabi/lib/thumb/v7e-m+fp/hard\libc_nano.a(libc_a-memset.o)
 .ARM.attributes
                0x00000000000005ef       0x34 C:/ST/STM32CubeIDE_1.14.1/STM32CubeIDE/plugins/com.st.stm32cube.ide.mcu.externaltools.gnu-tools-for-stm32.11.3.rel1.win32_1.1.100.202309141235/tools/bin/../lib/gcc/arm-none-eabi/11.3.1/../../../../arm-none-eabi/lib/thumb/v7e-m+fp/hard\libc_nano.a(libc_a-init.o)
 .ARM.attributes
                0x0000000000000623       0x34 C:/ST/STM32CubeIDE_1.14.1/STM32CubeIDE/plugins/com.st.stm32cube.ide.mcu.externaltools.gnu-tools-for-stm32.11.3.rel1.win32_1.1.100.202309141235/tools/bin/../lib/gcc/arm-none-eabi/11.3.1/../../../../arm-none-eabi/lib/thumb/v7e-m+fp/hard\libc_nano.a(libc_a-memcpy-stub.o)
 .ARM.attributes
                0x0000000000000657       0x1e C:/ST/STM32CubeIDE_1.14.1/STM32CubeIDE/plugins/com.st.stm32cube.ide.mcu.externaltools.gnu-tools-for-stm32.11.3.rel1.win32_1.1.100.202309141235/tools/bin/../lib/gcc/arm-none-eabi/11.3.1/thumb/v7e-m+fp/hard/crtn.o
OUTPUT(MotorAn.elf elf32-littlearm)
LOAD linker stubs
LOAD C:/ST/STM32CubeIDE_1.14.1/STM32CubeIDE/plugins/com.st.stm32cube.ide.mcu.externaltools.gnu-tools-for-stm32.11.3.rel1.win32_1.1.100.202309141235/tools/bin/../lib/gcc/arm-none-eabi/11.3.1/../../../../arm-none-eabi/lib/thumb/v7e-m+fp/hard\libc.a
LOAD C:/ST/STM32CubeIDE_1.14.1/STM32CubeIDE/plugins/com.st.stm32cube.ide.mcu.externaltools.gnu-tools-for-stm32.11.3.rel1.win32_1.1.100.202309141235/tools/bin/../lib/gcc/arm-none-eabi/11.3.1/../../../../arm-none-eabi/lib/thumb/v7e-m+fp/hard\libm.a
LOAD C:/ST/STM32CubeIDE_1.14.1/STM32CubeIDE/plugins/com.st.stm32cube.ide.mcu.externaltools.gnu-tools-for-stm32.11.3.rel1.win32_1.1.100.202309141235/tools/bin/../lib/gcc/arm-none-eabi/11.3.1/thumb/v7e-m+fp/hard\libgcc.a

.comment        0x0000000000000000       0x43
 .comment       0x0000000000000000       0x43 C:/ST/STM32CubeIDE_1.14.1/STM32CubeIDE/plugins/com.st.stm32cube.ide.mcu.externaltools.gnu-tools-for-stm32.11.3.rel1.win32_1.1.100.202309141235/tools/bin/../lib/gcc/arm-none-eabi/11.3.1/thumb/v7e-m+fp/hard/crtbegin.o
                                         0x44 (size before relaxing)
 .comment       0x0000000000000043       0x44 ./Core/Src/main.o
 .comment       0x0000000000000043       0x44 ./Core/Src/stm32l4xx_hal_msp.o
 .comment       0x0000000000000043       0x44 ./Core/Src/stm32l4xx_it.o
 .comment       0x0000000000000043       0x44 ./Core/Src/system_stm32l4xx.o
 .comment       0x0000000000000043       0x44 ./Drivers/STM32L4xx_HAL_Driver/Src/stm32l4xx_hal.o
 .comment       0x0000000000000043       0x44 ./Drivers/STM32L4xx_HAL_Driver/Src/stm32l4xx_hal_adc.o
 .comment       0x0000000000000043       0x44 ./Drivers/STM32L4xx_HAL_Driver/Src/stm32l4xx_hal_cortex.o
 .comment       0x0000000000000043       0x44 ./Drivers/STM32L4xx_HAL_Driver/Src/stm32l4xx_hal_dma.o
 .comment       0x0000000000000043       0x44 ./Drivers/STM32L4xx_HAL_Driver/Src/stm32l4xx_hal_gpio.o
 .comment       0x0000000000000043       0x44 ./Drivers/STM32L4xx_HAL_Driver/Src/stm32l4xx_hal_pcd.o
 .comment       0x0000000000000043       0x44 ./Drivers/STM32L4xx_HAL_Driver/Src/stm32l4xx_hal_pcd_ex.o
 .comment       0x0000000000000043       0x44 ./Drivers/STM32L4xx_HAL_Driver/Src/stm32l4xx_hal_pwr.o
 .comment       0x0000000000000043       0x44 ./Drivers/STM32L4xx_HAL_Driver/Src/stm32l4xx_hal_pwr_ex.o
 .comment       0x0000000000000043       0x44 ./Drivers/STM32L4xx_HAL_Driver/Src/stm32l4xx_hal_rcc.o
 .comment       0x0000000000000043       0x44 ./Drivers/STM32L4xx_HAL_Driver/Src/stm32l4xx_hal_rcc_ex.o
 .comment       0x0000000000000043       0x44 ./Drivers/STM32L4xx_HAL_Driver/Src/stm32l4xx_hal_tim.o
 .comment       0x0000000000000043       0x44 ./Drivers/STM32L4xx_HAL_Driver/Src/stm32l4xx_hal_tim_ex.o
 .comment       0x0000000000000043       0x44 ./Drivers/STM32L4xx_HAL_Driver/Src/stm32l4xx_ll_usb.o
 .comment       0x0000000000000043       0x44 ./Middlewares/ST/STM32_USB_Device_Library/Class/CDC/Src/usbd_cdc.o
 .comment       0x0000000000000043       0x44 ./Middlewares/ST/STM32_USB_Device_Library/Core/Src/usbd_core.o
 .comment       0x0000000000000043       0x44 ./Middlewares/ST/STM32_USB_Device_Library/Core/Src/usbd_ctlreq.o
 .comment       0x0000000000000043       0x44 ./Middlewares/ST/STM32_USB_Device_Library/Core/Src/usbd_ioreq.o
 .comment       0x0000000000000043       0x44 ./USB_DEVICE/App/usb_device.o
 .comment       0x0000000000000043       0x44 ./USB_DEVICE/App/usbd_cdc_if.o
 .comment       0x0000000000000043       0x44 ./USB_DEVICE/App/usbd_desc.o
 .comment       0x0000000000000043       0x44 ./USB_DEVICE/Target/usbd_conf.o

.debug_info     0x0000000000000000    0x18158
 .debug_info    0x0000000000000000     0x1756 ./Core/Src/main.o
 .debug_info    0x0000000000001756     0x10f2 ./Core/Src/stm32l4xx_hal_msp.o
 .debug_info    0x0000000000002848      0x86d ./Core/Src/stm32l4xx_it.o
 .debug_info    0x00000000000030b5      0x5bf ./Core/Src/system_stm32l4xx.o
 .debug_info    0x0000000000003674       0x23 ./Core/Startup/startup_stm32l432kcux.o
 .debug_info    0x0000000000003697      0x99e ./Drivers/STM32L4xx_HAL_Driver/Src/stm32l4xx_hal.o
 .debug_info    0x0000000000004035     0x1cc4 ./Drivers/STM32L4xx_HAL_Driver/Src/stm32l4xx_hal_adc.o
 .debug_info    0x0000000000005cf9      0xd03 ./Drivers/STM32L4xx_HAL_Driver/Src/stm32l4xx_hal_cortex.o
 .debug_info    0x00000000000069fc      0x6f4 ./Drivers/STM32L4xx_HAL_Driver/Src/stm32l4xx_hal_dma.o
 .debug_info    0x00000000000070f0      0x757 ./Drivers/STM32L4xx_HAL_Driver/Src/stm32l4xx_hal_gpio.o
 .debug_info    0x0000000000007847     0x16a1 ./Drivers/STM32L4xx_HAL_Driver/Src/stm32l4xx_hal_pcd.o
 .debug_info    0x0000000000008ee8      0x835 ./Drivers/STM32L4xx_HAL_Driver/Src/stm32l4xx_hal_pcd_ex.o
 .debug_info    0x000000000000971d      0x92c ./Drivers/STM32L4xx_HAL_Driver/Src/stm32l4xx_hal_pwr.o
 .debug_info    0x000000000000a049      0x920 ./Drivers/STM32L4xx_HAL_Driver/Src/stm32l4xx_hal_pwr_ex.o
 .debug_info    0x000000000000a969      0xbc3 ./Drivers/STM32L4xx_HAL_Driver/Src/stm32l4xx_hal_rcc.o
 .debug_info    0x000000000000b52c      0xee5 ./Drivers/STM32L4xx_HAL_Driver/Src/stm32l4xx_hal_rcc_ex.o
 .debug_info    0x000000000000c411     0x2a9a ./Drivers/STM32L4xx_HAL_Driver/Src/stm32l4xx_hal_tim.o
 .debug_info    0x000000000000eeab     0x169e ./Drivers/STM32L4xx_HAL_Driver/Src/stm32l4xx_hal_tim_ex.o
 .debug_info    0x0000000000010549     0x16ea ./Drivers/STM32L4xx_HAL_Driver/Src/stm32l4xx_ll_usb.o
 .debug_info    0x0000000000011c33     0x12e8 ./Middlewares/ST/STM32_USB_Device_Library/Class/CDC/Src/usbd_cdc.o
 .debug_info    0x0000000000012f1b      0xe12 ./Middlewares/ST/STM32_USB_Device_Library/Core/Src/usbd_core.o
 .debug_info    0x0000000000013d2d      0xaeb ./Middlewares/ST/STM32_USB_Device_Library/Core/Src/usbd_ctlreq.o
 .debug_info    0x0000000000014818      0x762 ./Middlewares/ST/STM32_USB_Device_Library/Core/Src/usbd_ioreq.o
 .debug_info    0x0000000000014f7a      0x70e ./USB_DEVICE/App/usb_device.o
 .debug_info    0x0000000000015688      0x907 ./USB_DEVICE/App/usbd_cdc_if.o
 .debug_info    0x0000000000015f8f      0x4ba ./USB_DEVICE/App/usbd_desc.o
 .debug_info    0x0000000000016449     0x1d0f ./USB_DEVICE/Target/usbd_conf.o

.debug_abbrev   0x0000000000000000     0x3b1d
 .debug_abbrev  0x0000000000000000      0x2ee ./Core/Src/main.o
 .debug_abbrev  0x00000000000002ee      0x211 ./Core/Src/stm32l4xx_hal_msp.o
 .debug_abbrev  0x00000000000004ff      0x1b4 ./Core/Src/stm32l4xx_it.o
 .debug_abbrev  0x00000000000006b3      0x11a ./Core/Src/system_stm32l4xx.o
 .debug_abbrev  0x00000000000007cd       0x12 ./Core/Startup/startup_stm32l432kcux.o
 .debug_abbrev  0x00000000000007df      0x225 ./Drivers/STM32L4xx_HAL_Driver/Src/stm32l4xx_hal.o
 .debug_abbrev  0x0000000000000a04      0x2d7 ./Drivers/STM32L4xx_HAL_Driver/Src/stm32l4xx_hal_adc.o
 .debug_abbrev  0x0000000000000cdb      0x31c ./Drivers/STM32L4xx_HAL_Driver/Src/stm32l4xx_hal_cortex.o
 .debug_abbrev  0x0000000000000ff7      0x1e4 ./Drivers/STM32L4xx_HAL_Driver/Src/stm32l4xx_hal_dma.o
 .debug_abbrev  0x00000000000011db      0x1cb ./Drivers/STM32L4xx_HAL_Driver/Src/stm32l4xx_hal_gpio.o
 .debug_abbrev  0x00000000000013a6      0x2e8 ./Drivers/STM32L4xx_HAL_Driver/Src/stm32l4xx_hal_pcd.o
 .debug_abbrev  0x000000000000168e      0x1e8 ./Drivers/STM32L4xx_HAL_Driver/Src/stm32l4xx_hal_pcd_ex.o
 .debug_abbrev  0x0000000000001876      0x1d4 ./Drivers/STM32L4xx_HAL_Driver/Src/stm32l4xx_hal_pwr.o
 .debug_abbrev  0x0000000000001a4a      0x1f9 ./Drivers/STM32L4xx_HAL_Driver/Src/stm32l4xx_hal_pwr_ex.o
 .debug_abbrev  0x0000000000001c43      0x2cb ./Drivers/STM32L4xx_HAL_Driver/Src/stm32l4xx_hal_rcc.o
 .debug_abbrev  0x0000000000001f0e      0x2a1 ./Drivers/STM32L4xx_HAL_Driver/Src/stm32l4xx_hal_rcc_ex.o
 .debug_abbrev  0x00000000000021af      0x278 ./Drivers/STM32L4xx_HAL_Driver/Src/stm32l4xx_hal_tim.o
 .debug_abbrev  0x0000000000002427      0x283 ./Drivers/STM32L4xx_HAL_Driver/Src/stm32l4xx_hal_tim_ex.o
 .debug_abbrev  0x00000000000026aa      0x1de ./Drivers/STM32L4xx_HAL_Driver/Src/stm32l4xx_ll_usb.o
 .debug_abbrev  0x0000000000002888      0x2c3 ./Middlewares/ST/STM32_USB_Device_Library/Class/CDC/Src/usbd_cdc.o
 .debug_abbrev  0x0000000000002b4b      0x27c ./Middlewares/ST/STM32_USB_Device_Library/Core/Src/usbd_core.o
 .debug_abbrev  0x0000000000002dc7      0x26f ./Middlewares/ST/STM32_USB_Device_Library/Core/Src/usbd_ctlreq.o
 .debug_abbrev  0x0000000000003036      0x19a ./Middlewares/ST/STM32_USB_Device_Library/Core/Src/usbd_ioreq.o
 .debug_abbrev  0x00000000000031d0      0x195 ./USB_DEVICE/App/usb_device.o
 .debug_abbrev  0x0000000000003365      0x29d ./USB_DEVICE/App/usbd_cdc_if.o
 .debug_abbrev  0x0000000000003602      0x1e3 ./USB_DEVICE/App/usbd_desc.o
 .debug_abbrev  0x00000000000037e5      0x338 ./USB_DEVICE/Target/usbd_conf.o

.debug_aranges  0x0000000000000000     0x15e8
 .debug_aranges
                0x0000000000000000       0x78 ./Core/Src/main.o
 .debug_aranges
                0x0000000000000078       0x40 ./Core/Src/stm32l4xx_hal_msp.o
 .debug_aranges
                0x00000000000000b8       0x70 ./Core/Src/stm32l4xx_it.o
 .debug_aranges
                0x0000000000000128       0x28 ./Core/Src/system_stm32l4xx.o
 .debug_aranges
                0x0000000000000150       0x28 ./Core/Startup/startup_stm32l432kcux.o
 .debug_aranges
                0x0000000000000178      0x108 ./Drivers/STM32L4xx_HAL_Driver/Src/stm32l4xx_hal.o
 .debug_aranges
                0x0000000000000280      0x210 ./Drivers/STM32L4xx_HAL_Driver/Src/stm32l4xx_hal_adc.o
 .debug_aranges
                0x0000000000000490      0x128 ./Drivers/STM32L4xx_HAL_Driver/Src/stm32l4xx_hal_cortex.o
 .debug_aranges
                0x00000000000005b8       0x80 ./Drivers/STM32L4xx_HAL_Driver/Src/stm32l4xx_hal_dma.o
 .debug_aranges
                0x0000000000000638       0x58 ./Drivers/STM32L4xx_HAL_Driver/Src/stm32l4xx_hal_gpio.o
 .debug_aranges
                0x0000000000000690      0x138 ./Drivers/STM32L4xx_HAL_Driver/Src/stm32l4xx_hal_pcd.o
 .debug_aranges
                0x00000000000007c8       0x58 ./Drivers/STM32L4xx_HAL_Driver/Src/stm32l4xx_hal_pcd_ex.o
 .debug_aranges
                0x0000000000000820       0x98 ./Drivers/STM32L4xx_HAL_Driver/Src/stm32l4xx_hal_pwr.o
 .debug_aranges
                0x00000000000008b8      0x128 ./Drivers/STM32L4xx_HAL_Driver/Src/stm32l4xx_hal_pwr_ex.o
 .debug_aranges
                0x00000000000009e0       0x90 ./Drivers/STM32L4xx_HAL_Driver/Src/stm32l4xx_hal_rcc.o
 .debug_aranges
                0x0000000000000a70       0xf0 ./Drivers/STM32L4xx_HAL_Driver/Src/stm32l4xx_hal_rcc_ex.o
 .debug_aranges
                0x0000000000000b60      0x3e0 ./Drivers/STM32L4xx_HAL_Driver/Src/stm32l4xx_hal_tim.o
 .debug_aranges
                0x0000000000000f40      0x180 ./Drivers/STM32L4xx_HAL_Driver/Src/stm32l4xx_hal_tim_ex.o
 .debug_aranges
                0x00000000000010c0       0xf8 ./Drivers/STM32L4xx_HAL_Driver/Src/stm32l4xx_ll_usb.o
 .debug_aranges
                0x00000000000011b8       0x90 ./Middlewares/ST/STM32_USB_Device_Library/Class/CDC/Src/usbd_cdc.o
 .debug_aranges
                0x0000000000001248       0xd8 ./Middlewares/ST/STM32_USB_Device_Library/Core/Src/usbd_core.o
 .debug_aranges
                0x0000000000001320       0x90 ./Middlewares/ST/STM32_USB_Device_Library/Core/Src/usbd_ctlreq.o
 .debug_aranges
                0x00000000000013b0       0x50 ./Middlewares/ST/STM32_USB_Device_Library/Core/Src/usbd_ioreq.o
 .debug_aranges
                0x0000000000001400       0x20 ./USB_DEVICE/App/usb_device.o
 .debug_aranges
                0x0000000000001420       0x48 ./USB_DEVICE/App/usbd_cdc_if.o
 .debug_aranges
                0x0000000000001468       0x68 ./USB_DEVICE/App/usbd_desc.o
 .debug_aranges
                0x00000000000014d0      0x118 ./USB_DEVICE/Target/usbd_conf.o

.debug_rnglists
                0x0000000000000000     0x10aa
 .debug_rnglists
                0x0000000000000000       0x5a ./Core/Src/main.o
 .debug_rnglists
                0x000000000000005a       0x2c ./Core/Src/stm32l4xx_hal_msp.o
 .debug_rnglists
                0x0000000000000086       0x4f ./Core/Src/stm32l4xx_it.o
 .debug_rnglists
                0x00000000000000d5       0x1a ./Core/Src/system_stm32l4xx.o
 .debug_rnglists
                0x00000000000000ef       0x19 ./Core/Startup/startup_stm32l432kcux.o
 .debug_rnglists
                0x0000000000000108       0xc1 ./Drivers/STM32L4xx_HAL_Driver/Src/stm32l4xx_hal.o
 .debug_rnglists
                0x00000000000001c9      0x196 ./Drivers/STM32L4xx_HAL_Driver/Src/stm32l4xx_hal_adc.o
 .debug_rnglists
                0x000000000000035f       0xda ./Drivers/STM32L4xx_HAL_Driver/Src/stm32l4xx_hal_cortex.o
 .debug_rnglists
                0x0000000000000439       0x64 ./Drivers/STM32L4xx_HAL_Driver/Src/stm32l4xx_hal_dma.o
 .debug_rnglists
                0x000000000000049d       0x3f ./Drivers/STM32L4xx_HAL_Driver/Src/stm32l4xx_hal_gpio.o
 .debug_rnglists
                0x00000000000004dc       0xee ./Drivers/STM32L4xx_HAL_Driver/Src/stm32l4xx_hal_pcd.o
 .debug_rnglists
                0x00000000000005ca       0x3f ./Drivers/STM32L4xx_HAL_Driver/Src/stm32l4xx_hal_pcd_ex.o
 .debug_rnglists
                0x0000000000000609       0x6e ./Drivers/STM32L4xx_HAL_Driver/Src/stm32l4xx_hal_pwr.o
 .debug_rnglists
                0x0000000000000677       0xdf ./Drivers/STM32L4xx_HAL_Driver/Src/stm32l4xx_hal_pwr_ex.o
 .debug_rnglists
                0x0000000000000756       0x6d ./Drivers/STM32L4xx_HAL_Driver/Src/stm32l4xx_hal_rcc.o
 .debug_rnglists
                0x00000000000007c3       0xba ./Drivers/STM32L4xx_HAL_Driver/Src/stm32l4xx_hal_rcc_ex.o
 .debug_rnglists
                0x000000000000087d      0x328 ./Drivers/STM32L4xx_HAL_Driver/Src/stm32l4xx_hal_tim.o
 .debug_rnglists
                0x0000000000000ba5      0x139 ./Drivers/STM32L4xx_HAL_Driver/Src/stm32l4xx_hal_tim_ex.o
 .debug_rnglists
                0x0000000000000cde       0xbd ./Drivers/STM32L4xx_HAL_Driver/Src/stm32l4xx_ll_usb.o
 .debug_rnglists
                0x0000000000000d9b       0x6c ./Middlewares/ST/STM32_USB_Device_Library/Class/CDC/Src/usbd_cdc.o
 .debug_rnglists
                0x0000000000000e07       0xa1 ./Middlewares/ST/STM32_USB_Device_Library/Core/Src/usbd_core.o
 .debug_rnglists
                0x0000000000000ea8       0x6e ./Middlewares/ST/STM32_USB_Device_Library/Core/Src/usbd_ctlreq.o
 .debug_rnglists
                0x0000000000000f16       0x37 ./Middlewares/ST/STM32_USB_Device_Library/Core/Src/usbd_ioreq.o
 .debug_rnglists
                0x0000000000000f4d       0x13 ./USB_DEVICE/App/usb_device.o
 .debug_rnglists
                0x0000000000000f60       0x32 ./USB_DEVICE/App/usbd_cdc_if.o
 .debug_rnglists
                0x0000000000000f92       0x49 ./USB_DEVICE/App/usbd_desc.o
 .debug_rnglists
                0x0000000000000fdb       0xcf ./USB_DEVICE/Target/usbd_conf.o

.debug_macro    0x0000000000000000    0x24b89
 .debug_macro   0x0000000000000000      0x3cc ./Core/Src/main.o
 .debug_macro   0x00000000000003cc      0xaa8 ./Core/Src/main.o
 .debug_macro   0x0000000000000e74      0x1ad ./Core/Src/main.o
 .debug_macro   0x0000000000001021       0x2e ./Core/Src/main.o
 .debug_macro   0x000000000000104f       0x28 ./Core/Src/main.o
 .debug_macro   0x0000000000001077       0x22 ./Core/Src/main.o
 .debug_macro   0x0000000000001099       0x8e ./Core/Src/main.o
 .debug_macro   0x0000000000001127       0x51 ./Core/Src/main.o
 .debug_macro   0x0000000000001178      0x103 ./Core/Src/main.o
 .debug_macro   0x000000000000127b       0x6a ./Core/Src/main.o
 .debug_macro   0x00000000000012e5      0x1df ./Core/Src/main.o
 .debug_macro   0x00000000000014c4       0x1c ./Core/Src/main.o
 .debug_macro   0x00000000000014e0       0x22 ./Core/Src/main.o
 .debug_macro   0x0000000000001502       0xfb ./Core/Src/main.o
 .debug_macro   0x00000000000015fd     0x1011 ./Core/Src/main.o
 .debug_macro   0x000000000000260e      0x11f ./Core/Src/main.o
 .debug_macro   0x000000000000272d    0x147a6 ./Core/Src/main.o
 .debug_macro   0x0000000000016ed3       0x6d ./Core/Src/main.o
 .debug_macro   0x0000000000016f40     0x38fb ./Core/Src/main.o
 .debug_macro   0x000000000001a83b      0x174 ./Core/Src/main.o
 .debug_macro   0x000000000001a9af       0x5c ./Core/Src/main.o
 .debug_macro   0x000000000001aa0b     0x11ca ./Core/Src/main.o
 .debug_macro   0x000000000001bbd5      0x53c ./Core/Src/main.o
 .debug_macro   0x000000000001c111      0x1b9 ./Core/Src/main.o
 .debug_macro   0x000000000001c2ca      0x122 ./Core/Src/main.o
 .debug_macro   0x000000000001c3ec      0x26b ./Core/Src/main.o
 .debug_macro   0x000000000001c657      0x23d ./Core/Src/main.o
 .debug_macro   0x000000000001c894      0xde6 ./Core/Src/main.o
 .debug_macro   0x000000000001d67a      0x61d ./Core/Src/main.o
 .debug_macro   0x000000000001dc97      0x241 ./Core/Src/main.o
 .debug_macro   0x000000000001ded8      0x241 ./Core/Src/main.o
 .debug_macro   0x000000000001e119      0x375 ./Core/Src/main.o
 .debug_macro   0x000000000001e48e       0xd6 ./Core/Src/main.o
 .debug_macro   0x000000000001e564       0xb7 ./Core/Src/main.o
 .debug_macro   0x000000000001e61b      0x22d ./Core/Src/main.o
 .debug_macro   0x000000000001e848      0x122 ./Core/Src/main.o
 .debug_macro   0x000000000001e96a      0x356 ./Core/Src/main.o
 .debug_macro   0x000000000001ecc0      0xa98 ./Core/Src/main.o
 .debug_macro   0x000000000001f758      0x12d ./Core/Src/main.o
 .debug_macro   0x000000000001f885      0x220 ./Core/Src/main.o
 .debug_macro   0x000000000001faa5       0x40 ./Core/Src/main.o
 .debug_macro   0x000000000001fae5       0x61 ./Core/Src/main.o
 .debug_macro   0x000000000001fb46       0x2a ./Core/Src/main.o
 .debug_macro   0x000000000001fb70       0x43 ./Core/Src/main.o
 .debug_macro   0x000000000001fbb3       0x34 ./Core/Src/main.o
 .debug_macro   0x000000000001fbe7       0x16 ./Core/Src/main.o
 .debug_macro   0x000000000001fbfd       0x35 ./Core/Src/main.o
 .debug_macro   0x000000000001fc32      0x369 ./Core/Src/main.o
 .debug_macro   0x000000000001ff9b       0x10 ./Core/Src/main.o
 .debug_macro   0x000000000001ffab       0x16 ./Core/Src/main.o
 .debug_macro   0x000000000001ffc1       0x43 ./Core/Src/main.o
 .debug_macro   0x0000000000020004       0x34 ./Core/Src/main.o
 .debug_macro   0x0000000000020038       0x10 ./Core/Src/main.o
 .debug_macro   0x0000000000020048       0x58 ./Core/Src/main.o
 .debug_macro   0x00000000000200a0       0x8e ./Core/Src/main.o
 .debug_macro   0x000000000002012e       0x1c ./Core/Src/main.o
 .debug_macro   0x000000000002014a      0x177 ./Core/Src/main.o
 .debug_macro   0x00000000000202c1       0x16 ./Core/Src/main.o
 .debug_macro   0x00000000000202d7       0x16 ./Core/Src/main.o
 .debug_macro   0x00000000000202ed      0x147 ./Core/Src/main.o
 .debug_macro   0x0000000000020434       0x16 ./Core/Src/main.o
 .debug_macro   0x000000000002044a       0x16 ./Core/Src/main.o
 .debug_macro   0x0000000000020460       0x29 ./Core/Src/main.o
 .debug_macro   0x0000000000020489       0x16 ./Core/Src/main.o
 .debug_macro   0x000000000002049f       0x20 ./Core/Src/main.o
 .debug_macro   0x00000000000204bf       0x5f ./Core/Src/main.o
 .debug_macro   0x000000000002051e      0x20f ./Core/Src/main.o
 .debug_macro   0x000000000002072d       0x95 ./Core/Src/main.o
 .debug_macro   0x00000000000207c2       0x10 ./Core/Src/main.o
 .debug_macro   0x00000000000207d2      0x202 ./Core/Src/stm32l4xx_hal_msp.o
 .debug_macro   0x00000000000209d4      0x20c ./Core/Src/stm32l4xx_it.o
 .debug_macro   0x0000000000020be0      0x1f3 ./Core/Src/system_stm32l4xx.o
 .debug_macro   0x0000000000020dd3      0x23b ./Drivers/STM32L4xx_HAL_Driver/Src/stm32l4xx_hal.o
 .debug_macro   0x000000000002100e      0x210 ./Drivers/STM32L4xx_HAL_Driver/Src/stm32l4xx_hal_adc.o
 .debug_macro   0x000000000002121e      0x1f3 ./Drivers/STM32L4xx_HAL_Driver/Src/stm32l4xx_hal_cortex.o
 .debug_macro   0x0000000000021411      0x1f3 ./Drivers/STM32L4xx_HAL_Driver/Src/stm32l4xx_hal_dma.o
 .debug_macro   0x0000000000021604      0x1fa ./Drivers/STM32L4xx_HAL_Driver/Src/stm32l4xx_hal_gpio.o
 .debug_macro   0x00000000000217fe      0x1ff ./Drivers/STM32L4xx_HAL_Driver/Src/stm32l4xx_hal_pcd.o
 .debug_macro   0x00000000000219fd      0x1f3 ./Drivers/STM32L4xx_HAL_Driver/Src/stm32l4xx_hal_pcd_ex.o
 .debug_macro   0x0000000000021bf0      0x20b ./Drivers/STM32L4xx_HAL_Driver/Src/stm32l4xx_hal_pwr.o
 .debug_macro   0x0000000000021dfb      0x217 ./Drivers/STM32L4xx_HAL_Driver/Src/stm32l4xx_hal_pwr_ex.o
 .debug_macro   0x0000000000022012      0x235 ./Drivers/STM32L4xx_HAL_Driver/Src/stm32l4xx_hal_rcc.o
 .debug_macro   0x0000000000022247      0x229 ./Drivers/STM32L4xx_HAL_Driver/Src/stm32l4xx_hal_rcc_ex.o
 .debug_macro   0x0000000000022470      0x1f4 ./Drivers/STM32L4xx_HAL_Driver/Src/stm32l4xx_hal_tim.o
 .debug_macro   0x0000000000022664      0x1f3 ./Drivers/STM32L4xx_HAL_Driver/Src/stm32l4xx_hal_tim_ex.o
 .debug_macro   0x0000000000022857      0x1f3 ./Drivers/STM32L4xx_HAL_Driver/Src/stm32l4xx_ll_usb.o
 .debug_macro   0x0000000000022a4a      0x391 ./Middlewares/ST/STM32_USB_Device_Library/Class/CDC/Src/usbd_cdc.o
 .debug_macro   0x0000000000022ddb       0x97 ./Middlewares/ST/STM32_USB_Device_Library/Class/CDC/Src/usbd_cdc.o
 .debug_macro   0x0000000000022e72       0xfd ./Middlewares/ST/STM32_USB_Device_Library/Class/CDC/Src/usbd_cdc.o
 .debug_macro   0x0000000000022f6f       0x56 ./Middlewares/ST/STM32_USB_Device_Library/Class/CDC/Src/usbd_cdc.o
 .debug_macro   0x0000000000022fc5      0x378 ./Middlewares/ST/STM32_USB_Device_Library/Core/Src/usbd_core.o
 .debug_macro   0x000000000002333d      0x215 ./Middlewares/ST/STM32_USB_Device_Library/Core/Src/usbd_core.o
 .debug_macro   0x0000000000023552      0x382 ./Middlewares/ST/STM32_USB_Device_Library/Core/Src/usbd_ctlreq.o
 .debug_macro   0x00000000000238d4      0x37e ./Middlewares/ST/STM32_USB_Device_Library/Core/Src/usbd_ioreq.o
 .debug_macro   0x0000000000023c52      0x3b1 ./USB_DEVICE/App/usb_device.o
 .debug_macro   0x0000000000024003       0x46 ./USB_DEVICE/App/usb_device.o
 .debug_macro   0x0000000000024049       0x22 ./USB_DEVICE/App/usb_device.o
 .debug_macro   0x000000000002406b       0x16 ./USB_DEVICE/App/usb_device.o
 .debug_macro   0x0000000000024081      0x39c ./USB_DEVICE/App/usbd_cdc_if.o
 .debug_macro   0x000000000002441d      0x3bb ./USB_DEVICE/App/usbd_desc.o
 .debug_macro   0x00000000000247d8       0x1c ./USB_DEVICE/App/usbd_desc.o
 .debug_macro   0x00000000000247f4      0x395 ./USB_DEVICE/Target/usbd_conf.o

.debug_line     0x0000000000000000    0x1a14f
 .debug_line    0x0000000000000000      0xd2c ./Core/Src/main.o
 .debug_line    0x0000000000000d2c      0x868 ./Core/Src/stm32l4xx_hal_msp.o
 .debug_line    0x0000000000001594      0x89d ./Core/Src/stm32l4xx_it.o
 .debug_line    0x0000000000001e31      0x842 ./Core/Src/system_stm32l4xx.o
 .debug_line    0x0000000000002673       0x7a ./Core/Startup/startup_stm32l432kcux.o
 .debug_line    0x00000000000026ed      0xb07 ./Drivers/STM32L4xx_HAL_Driver/Src/stm32l4xx_hal.o
 .debug_line    0x00000000000031f4     0x1d43 ./Drivers/STM32L4xx_HAL_Driver/Src/stm32l4xx_hal_adc.o
 .debug_line    0x0000000000004f37      0xd6f ./Drivers/STM32L4xx_HAL_Driver/Src/stm32l4xx_hal_cortex.o
 .debug_line    0x0000000000005ca6      0xd8b ./Drivers/STM32L4xx_HAL_Driver/Src/stm32l4xx_hal_dma.o
 .debug_line    0x0000000000006a31      0xb91 ./Drivers/STM32L4xx_HAL_Driver/Src/stm32l4xx_hal_gpio.o
 .debug_line    0x00000000000075c2     0x1419 ./Drivers/STM32L4xx_HAL_Driver/Src/stm32l4xx_hal_pcd.o
 .debug_line    0x00000000000089db      0x913 ./Drivers/STM32L4xx_HAL_Driver/Src/stm32l4xx_hal_pcd_ex.o
 .debug_line    0x00000000000092ee      0x977 ./Drivers/STM32L4xx_HAL_Driver/Src/stm32l4xx_hal_pwr.o
 .debug_line    0x0000000000009c65      0xc99 ./Drivers/STM32L4xx_HAL_Driver/Src/stm32l4xx_hal_pwr_ex.o
 .debug_line    0x000000000000a8fe     0x1051 ./Drivers/STM32L4xx_HAL_Driver/Src/stm32l4xx_hal_rcc.o
 .debug_line    0x000000000000b94f     0x1392 ./Drivers/STM32L4xx_HAL_Driver/Src/stm32l4xx_hal_rcc_ex.o
 .debug_line    0x000000000000cce1     0x3c5b ./Drivers/STM32L4xx_HAL_Driver/Src/stm32l4xx_hal_tim.o
 .debug_line    0x000000000001093c     0x1ba1 ./Drivers/STM32L4xx_HAL_Driver/Src/stm32l4xx_hal_tim_ex.o
 .debug_line    0x00000000000124dd     0x102e ./Drivers/STM32L4xx_HAL_Driver/Src/stm32l4xx_ll_usb.o
 .debug_line    0x000000000001350b      0xf30 ./Middlewares/ST/STM32_USB_Device_Library/Class/CDC/Src/usbd_cdc.o
 .debug_line    0x000000000001443b      0xfad ./Middlewares/ST/STM32_USB_Device_Library/Core/Src/usbd_core.o
 .debug_line    0x00000000000153e8     0x11ee ./Middlewares/ST/STM32_USB_Device_Library/Core/Src/usbd_ctlreq.o
 .debug_line    0x00000000000165d6      0xac4 ./Middlewares/ST/STM32_USB_Device_Library/Core/Src/usbd_ioreq.o
 .debug_line    0x000000000001709a      0xa80 ./USB_DEVICE/App/usb_device.o
 .debug_line    0x0000000000017b1a      0xae3 ./USB_DEVICE/App/usbd_cdc_if.o
 .debug_line    0x00000000000185fd      0xb64 ./USB_DEVICE/App/usbd_desc.o
 .debug_line    0x0000000000019161      0xfee ./USB_DEVICE/Target/usbd_conf.o

.debug_str      0x0000000000000000    0xda2a2